Archive member included to satisfy reference by file (symbol)

c:/program files (x86)/atmel/studio/7.0/toolchain/arm/arm-gnu-toolchain/bin/../lib/gcc/arm-none-eabi/6.3.1/../../../../arm-none-eabi/lib/thumb/v7-m\libc.a(lib_a-exit.o)
                              c:/program files (x86)/atmel/studio/7.0/toolchain/arm/arm-gnu-toolchain/bin/../lib/gcc/arm-none-eabi/6.3.1/../../../../arm-none-eabi/lib/thumb/v7-m/crt0.o (exit)
c:/program files (x86)/atmel/studio/7.0/toolchain/arm/arm-gnu-toolchain/bin/../lib/gcc/arm-none-eabi/6.3.1/../../../../arm-none-eabi/lib/thumb/v7-m\libc.a(lib_a-impure.o)
                              c:/program files (x86)/atmel/studio/7.0/toolchain/arm/arm-gnu-toolchain/bin/../lib/gcc/arm-none-eabi/6.3.1/../../../../arm-none-eabi/lib/thumb/v7-m\libc.a(lib_a-exit.o) (_global_impure_ptr)
c:/program files (x86)/atmel/studio/7.0/toolchain/arm/arm-gnu-toolchain/bin/../lib/gcc/arm-none-eabi/6.3.1/../../../../arm-none-eabi/lib/thumb/v7-m\libc.a(lib_a-init.o)
                              c:/program files (x86)/atmel/studio/7.0/toolchain/arm/arm-gnu-toolchain/bin/../lib/gcc/arm-none-eabi/6.3.1/../../../../arm-none-eabi/lib/thumb/v7-m/crt0.o (__libc_init_array)
c:/program files (x86)/atmel/studio/7.0/toolchain/arm/arm-gnu-toolchain/bin/../lib/gcc/arm-none-eabi/6.3.1/../../../../arm-none-eabi/lib/thumb/v7-m\libc.a(lib_a-memset.o)
                              c:/program files (x86)/atmel/studio/7.0/toolchain/arm/arm-gnu-toolchain/bin/../lib/gcc/arm-none-eabi/6.3.1/../../../../arm-none-eabi/lib/thumb/v7-m/crt0.o (memset)
c:/program files (x86)/atmel/studio/7.0/toolchain/arm/arm-gnu-toolchain/bin/../lib/gcc/arm-none-eabi/6.3.1/../../../../arm-none-eabi/lib/thumb/v7-m\libc.a(lib_a-__call_atexit.o)
                              c:/program files (x86)/atmel/studio/7.0/toolchain/arm/arm-gnu-toolchain/bin/../lib/gcc/arm-none-eabi/6.3.1/../../../../arm-none-eabi/lib/thumb/v7-m\libc.a(lib_a-exit.o) (__call_exitprocs)
c:/program files (x86)/atmel/studio/7.0/toolchain/arm/arm-gnu-toolchain/bin/../lib/gcc/arm-none-eabi/6.3.1/../../../../arm-none-eabi/lib/thumb/v7-m\libc.a(lib_a-atexit.o)
                              c:/program files (x86)/atmel/studio/7.0/toolchain/arm/arm-gnu-toolchain/bin/../lib/gcc/arm-none-eabi/6.3.1/../../../../arm-none-eabi/lib/thumb/v7-m\libc.a(lib_a-__call_atexit.o) (atexit)
c:/program files (x86)/atmel/studio/7.0/toolchain/arm/arm-gnu-toolchain/bin/../lib/gcc/arm-none-eabi/6.3.1/../../../../arm-none-eabi/lib/thumb/v7-m\libc.a(lib_a-fini.o)
                              c:/program files (x86)/atmel/studio/7.0/toolchain/arm/arm-gnu-toolchain/bin/../lib/gcc/arm-none-eabi/6.3.1/../../../../arm-none-eabi/lib/thumb/v7-m\libc.a(lib_a-__call_atexit.o) (__libc_fini_array)
c:/program files (x86)/atmel/studio/7.0/toolchain/arm/arm-gnu-toolchain/bin/../lib/gcc/arm-none-eabi/6.3.1/../../../../arm-none-eabi/lib/thumb/v7-m\libc.a(lib_a-lock.o)
                              c:/program files (x86)/atmel/studio/7.0/toolchain/arm/arm-gnu-toolchain/bin/../lib/gcc/arm-none-eabi/6.3.1/../../../../arm-none-eabi/lib/thumb/v7-m\libc.a(lib_a-__call_atexit.o) (__retarget_lock_acquire_recursive)
c:/program files (x86)/atmel/studio/7.0/toolchain/arm/arm-gnu-toolchain/bin/../lib/gcc/arm-none-eabi/6.3.1/../../../../arm-none-eabi/lib/thumb/v7-m\libc.a(lib_a-__atexit.o)
                              c:/program files (x86)/atmel/studio/7.0/toolchain/arm/arm-gnu-toolchain/bin/../lib/gcc/arm-none-eabi/6.3.1/../../../../arm-none-eabi/lib/thumb/v7-m\libc.a(lib_a-atexit.o) (__register_exitproc)

Allocating common symbols
Common symbol       size              file

__lock___atexit_recursive_mutex
                    0x1               c:/program files (x86)/atmel/studio/7.0/toolchain/arm/arm-gnu-toolchain/bin/../lib/gcc/arm-none-eabi/6.3.1/../../../../arm-none-eabi/lib/thumb/v7-m\libc.a(lib_a-lock.o)
__lock___arc4random_mutex
                    0x1               c:/program files (x86)/atmel/studio/7.0/toolchain/arm/arm-gnu-toolchain/bin/../lib/gcc/arm-none-eabi/6.3.1/../../../../arm-none-eabi/lib/thumb/v7-m\libc.a(lib_a-lock.o)
__lock___env_recursive_mutex
                    0x1               c:/program files (x86)/atmel/studio/7.0/toolchain/arm/arm-gnu-toolchain/bin/../lib/gcc/arm-none-eabi/6.3.1/../../../../arm-none-eabi/lib/thumb/v7-m\libc.a(lib_a-lock.o)
__lock___sinit_recursive_mutex
                    0x1               c:/program files (x86)/atmel/studio/7.0/toolchain/arm/arm-gnu-toolchain/bin/../lib/gcc/arm-none-eabi/6.3.1/../../../../arm-none-eabi/lib/thumb/v7-m\libc.a(lib_a-lock.o)
__lock___malloc_recursive_mutex
                    0x1               c:/program files (x86)/atmel/studio/7.0/toolchain/arm/arm-gnu-toolchain/bin/../lib/gcc/arm-none-eabi/6.3.1/../../../../arm-none-eabi/lib/thumb/v7-m\libc.a(lib_a-lock.o)
rx_buffer           0x42              uart.o
__lock___at_quick_exit_mutex
[...]
Memory Configuration

Name             Origin             Length             Attributes
rom              0x00080000         0x00080000         xr
ram              0x20000000         0x00018000         xrw
*default*        0x00000000         0xffffffff

Linker script and memory map

LOAD c:/program files (x86)/atmel/studio/7.0/toolchain/arm/arm-gnu-toolchain/bin/../lib/gcc/arm-none-eabi/6.3.1/thumb/v7-m/crti.o
LOAD c:/program files (x86)/atmel/studio/7.0/toolchain/arm/arm-gnu-toolchain/bin/../lib/gcc/arm-none-eabi/6.3.1/thumb/v7-m/crtbegin.o
LOAD c:/program files (x86)/atmel/studio/7.0/toolchain/arm/arm-gnu-toolchain/bin/../lib/gcc/arm-none-eabi/6.3.1/../../../../arm-none-eabi/lib/thumb/v7-m/crt0.o
LOAD ADC.o
LOAD can_controller.o
LOAD can_interrupt.o
LOAD Device_Startup/startup_sam3xa.o
LOAD Device_Startup/system_sam3xa.o
LOAD game.o
LOAD main.o
LOAD printf_stdarg.o
LOAD PWM_driver.o
LOAD timer.o
LOAD uart.o
START GROUP
LOAD c:/program files (x86)/atmel/studio/7.0/toolchain/arm/arm-gnu-toolchain/bin/../lib/gcc/arm-none-eabi/6.3.1/../../../../arm-none-eabi/lib/thumb/v7-m\libm.a
END GROUP
START GROUP
LOAD c:/program files (x86)/atmel/studio/7.0/toolchain/arm/arm-gnu-toolchain/bin/../lib/gcc/arm-none-eabi/6.3.1/thumb/v7-m\libgcc.a
LOAD c:/program files (x86)/atmel/studio/7.0/toolchain/arm/arm-gnu-toolchain/bin/../lib/gcc/arm-none-eabi/6.3.1/../../../../arm-none-eabi/lib/thumb/v7-m\libc.a
END GROUP
LOAD c:/program files (x86)/atmel/studio/7.0/toolchain/arm/arm-gnu-toolchain/bin/../lib/gcc/arm-none-eabi/6.3.1/thumb/v7-m/crtend.o
LOAD c:/program files (x86)/atmel/studio/7.0/toolchain/arm/arm-gnu-toolchain/bin/../lib/gcc/arm-none-eabi/6.3.1/thumb/v7-m/crtn.o
                0x00000400                STACK_SIZE = DEFINED (STACK_SIZE)?STACK_SIZE:0x400
                0x00000200                HEAP_SIZE = DEFINED (HEAP_SIZE)?HEAP_SIZE:0x200

.text           0x00080000      0xc64
                0x00080000                . = ALIGN (0x4)
                0x00080000                _sfixed = .
 *(.vectors .vectors.*)
 .vectors       0x00080000       0xf4 Device_Startup/startup_sam3xa.o
                0x00080000                exception_table
 *(.text .text.* .gnu.linkonce.t.*)
 .text          0x000800f4       0x6c c:/program files (x86)/atmel/studio/7.0/toolchain/arm/arm-gnu-toolchain/bin/../lib/gcc/arm-none-eabi/6.3.1/thumb/v7-m/crtbegin.o
 .text.ADC_init
                0x00080160       0x30 ADC.o
                0x00080160                ADC_init
 .text.ADC_read
                0x00080190        0xc ADC.o
                0x00080190                ADC_read
 .text.can_init
                0x0008019c       0xe4 can_controller.o
                0x0008019c                can_init
 .text.can_init_def_tx_rx_mb
                0x00080280       0x10 can_controller.o
                0x00080280                can_init_def_tx_rx_mb
 .text.can_receive
                0x00080290       0x84 can_controller.o
                0x00080290                can_receive
 .text.CAN0_Handler
                0x00080314       0x70 can_interrupt.o
                0x00080314                CAN0_Handler
 .text.Dummy_Handler
                0x00080384        0x2 Device_Startup/startup_sam3xa.o
                0x00080384                DACC_Handler
                0x00080384                DebugMon_Handler
                0x00080384                DMAC_Handler
                0x00080384                TRNG_Handler
                0x00080384                HardFault_Handler
                0x00080384                TC2_Handler
                0x00080384                SysTick_Handler
                0x00080384                USART3_Handler
                0x00080384                TWI1_Handler
                0x00080384                PendSV_Handler
                0x00080384                NMI_Handler
                0x00080384                TC7_Handler
                0x00080384                ADC_Handler
                0x00080384                SMC_Handler
                0x00080384                USART0_Handler
                0x00080384                RTT_Handler
                0x00080384                EFC1_Handler
                0x00080384                PIOB_Handler
                0x00080384                RTC_Handler
                0x00080384                UsageFault_Handler
                0x00080384                TC6_Handler
                0x00080384                WDT_Handler
                0x00080384                TC4_Handler
                0x00080384                TC1_Handler
                0x00080384                HSMCI_Handler
                0x00080384                TC3_Handler
                0x00080384                Dummy_Handler
                0x00080384                TWI0_Handler
                0x00080384                USART1_Handler
                0x00080384                PIOA_Handler
                0x00080384                SSC_Handler
                0x00080384                EFC0_Handler
                0x00080384                PMC_Handler
                0x00080384                PWM_Handler
                0x00080384                CAN1_Handler
                0x00080384                MemManage_Handler
                0x00080384                SUPC_Handler
                0x00080384                SVC_Handler
                0x00080384                TC8_Handler
                0x00080384                USART2_Handler
                0x00080384                PIOD_Handler
                0x00080384                EMAC_Handler
                0x00080384                PIOC_Handler
                0x00080384                BusFault_Handler
                0x00080384                RSTC_Handler
                0x00080384                TC0_Handler
                0x00080384                TC5_Handler
                0x00080384                UOTGHS_Handler
                0x00080384                SPI0_Handler
 *fill*         0x00080386        0x2 
 .text.Reset_Handler
                0x00080388       0x6c Device_Startup/startup_sam3xa.o
                0x00080388                Reset_Handler
 .text.SystemInit
                0x000803f4       0xa4 Device_Startup/system_sam3xa.o
                0x000803f4                SystemInit
 .text.Game_Score_Keeper
                0x00080498       0x34 game.o
                0x00080498                Game_Score_Keeper
 .text.main     0x000804cc       0xc0 main.o
                0x000804cc                main
 .text.printchar
                0x0008058c       0x10 printf_stdarg.o
 .text.prints   0x0008059c       0x84 printf_stdarg.o
 .text.printi   0x00080620       0xac printf_stdarg.o
 .text.print    0x000806cc      0x150 printf_stdarg.o
 .text.printf   0x0008081c       0x24 printf_stdarg.o
                0x0008081c                printf
 .text.PWM_duty_cycle_update
                0x00080840       0x28 PWM_driver.o
                0x00080840                PWM_duty_cycle_update
 .text.PWM_init
                0x00080868       0x64 PWM_driver.o
                0x00080868                PWM_init
 .text.PWM_DC_from_joystick
                0x000808cc       0x44 PWM_driver.o
                0x000808cc                PWM_DC_from_joystick
 .text.configure_uart
                0x00080910       0x68 uart.o
                0x00080910                configure_uart
 .text.uart_putchar
                0x00080978       0x24 uart.o
                0x00080978                uart_putchar
 .text.UART_Handler
                0x0008099c       0x68 uart.o
                0x0008099c                UART_Handler
 .text.__libc_init_array
                0x00080a04       0x50 c:/program files (x86)/atmel/studio/7.0/toolchain/arm/arm-gnu-toolchain/bin/../lib/gcc/arm-none-eabi/6.3.1/../../../../arm-none-eabi/lib/thumb/v7-m\libc.a(lib_a-init.o)
                0x00080a04                __libc_init_array
 .text.startup.register_fini
                0x00080a54       0x14 c:/program files (x86)/atmel/studio/7.0/toolchain/arm/arm-gnu-toolchain/bin/../lib/gcc/arm-none-eabi/6.3.1/../../../../arm-none-eabi/lib/thumb/v7-m\libc.a(lib_a-__call_atexit.o)
 .text.atexit   0x00080a68        0xc c:/program files (x86)/atmel/studio/7.0/toolchain/arm/arm-gnu-toolchain/bin/../lib/gcc/arm-none-eabi/6.3.1/../../../../arm-none-eabi/lib/thumb/v7-m\libc.a(lib_a-atexit.o)
                0x00080a68                atexit
 .text.__libc_fini_array
                0x00080a74       0x34 c:/program files (x86)/atmel/studio/7.0/toolchain/arm/arm-gnu-toolchain/bin/../lib/gcc/arm-none-eabi/6.3.1/../../../../arm-none-eabi/lib/thumb/v7-m\libc.a(lib_a-fini.o)
                0x00080a74                __libc_fini_array
 .text.__retarget_lock_acquire_recursive
                0x00080aa8        0x4 c:/program files (x86)/atmel/studio/7.0/toolchain/arm/arm-gnu-toolchain/bin/../lib/gcc/arm-none-eabi/6.3.1/../../../../arm-none-eabi/lib/thumb/v7-m\libc.a(lib_a-lock.o)
                0x00080aa8                __retarget_lock_acquire_recursive
 .text.__retarget_lock_release_recursive
                0x00080aac        0x4 c:/program files (x86)/atmel/studio/7.0/toolchain/arm/arm-gnu-toolchain/bin/../lib/gcc/arm-none-eabi/6.3.1/../../../../arm-none-eabi/lib/thumb/v7-m\libc.a(lib_a-lock.o)
                0x00080aac                __retarget_lock_release_recursive
 .text.__register_exitproc
                0x00080ab0       0xc4 c:/program files (x86)/atmel/studio/7.0/toolchain/arm/arm-gnu-toolchain/bin/../lib/gcc/arm-none-eabi/6.3.1/../../../../arm-none-eabi/lib/thumb/v7-m\libc.a(lib_a-__atexit.o)
                0x00080ab0                __register_exitproc
 *(.glue_7t)
 .glue_7t       0x00080b74        0x0 linker stubs
 *(.glue_7)
 .glue_7        0x00080b74        0x0 linker stubs
 *(.rodata .rodata* .gnu.linkonce.r.*)
 .rodata.str1.4
                0x00080b74       0x2b can_interrupt.o
 *fill*         0x00080b9f        0x1 
 .rodata.str1.4
                0x00080ba0       0x4f main.o
 *fill*         0x00080bef        0x1 
 .rodata.str1.4
                0x00080bf0        0x7 printf_stdarg.o
 *fill*         0x00080bf7        0x1 
 .rodata.str1.4
                0x00080bf8       0x22 PWM_driver.o
 *fill*         0x00080c1a        0x2 
 .rodata.str1.4
                0x00080c1c       0x20 uart.o
                                 0x1e (size before relaxing)
 .rodata._global_impure_ptr
                0x00080c3c        0x4 c:/program files (x86)/atmel/studio/7.0/toolchain/arm/arm-gnu-toolchain/bin/../lib/gcc/arm-none-eabi/6.3.1/../../../../arm-none-eabi/lib/thumb/v7-m\libc.a(lib_a-impure.o)
                0x00080c3c                _global_impure_ptr
 *(.ARM.extab* .gnu.linkonce.armextab.*)
                0x00080c40                . = ALIGN (0x4)
 *(.init)
 .init          0x00080c40        0x4 c:/program files (x86)/atmel/studio/7.0/toolchain/arm/arm-gnu-toolchain/bin/../lib/gcc/arm-none-eabi/6.3.1/thumb/v7-m/crti.o
                0x00080c40                _init
 .init          0x00080c44        0x8 c:/program files (x86)/atmel/studio/7.0/toolchain/arm/arm-gnu-toolchain/bin/../lib/gcc/arm-none-eabi/6.3.1/thumb/v7-m/crtn.o
                0x00080c4c                . = ALIGN (0x4)
                0x00080c4c                __preinit_array_start = .
 *(.preinit_array)
                0x00080c4c                __preinit_array_end = .
                0x00080c4c                . = ALIGN (0x4)
                0x00080c4c                __init_array_start = .
 *(SORT(.init_array.*))
 .init_array.00000
                0x00080c4c        0x4 c:/program files (x86)/atmel/studio/7.0/toolchain/arm/arm-gnu-toolchain/bin/../lib/gcc/arm-none-eabi/6.3.1/../../../../arm-none-eabi/lib/thumb/v7-m\libc.a(lib_a-__call_atexit.o)
 *(.init_array)
 .init_array    0x00080c50        0x4 c:/program files (x86)/atmel/studio/7.0/toolchain/arm/arm-gnu-toolchain/bin/../lib/gcc/arm-none-eabi/6.3.1/thumb/v7-m/crtbegin.o
                0x00080c54                __init_array_end = .
                0x00080c54                . = ALIGN (0x4)
 *crtbegin.o(.ctors)
 *(EXCLUDE_FILE(*crtend.o) .ctors)
 *(SORT(.ctors.*))
 *crtend.o(.ctors)
                0x00080c54                . = ALIGN (0x4)
 *(.fini)
 .fini          0x00080c54        0x4 c:/program files (x86)/atmel/studio/7.0/toolchain/arm/arm-gnu-toolchain/bin/../lib/gcc/arm-none-eabi/6.3.1/thumb/v7-m/crti.o
                0x00080c54                _fini
 .fini          0x00080c58        0x8 c:/program files (x86)/atmel/studio/7.0/toolchain/arm/arm-gnu-toolchain/bin/../lib/gcc/arm-none-eabi/6.3.1/thumb/v7-m/crtn.o
                0x00080c60                . = ALIGN (0x4)
                0x00080c60                __fini_array_start = .
 *(.fini_array)
 .fini_array    0x00080c60        0x4 c:/program files (x86)/atmel/studio/7.0/toolchain/arm/arm-gnu-toolchain/bin/../lib/gcc/arm-none-eabi/6.3.1/thumb/v7-m/crtbegin.o
 *(SORT(.fini_array.*))
                0x00080c64                __fini_array_end = .
 *crtbegin.o(.dtors)
 *(EXCLUDE_FILE(*crtend.o) .dtors)
 *(SORT(.dtors.*))
 *crtend.o(.dtors)
                0x00080c64                . = ALIGN (0x4)
                0x00080c64                _efixed = .
                [!provide]                PROVIDE (__exidx_start, .)

.vfp11_veneer   0x00080c64        0x0
 .vfp11_veneer  0x00080c64        0x0 linker stubs

.v4_bx          0x00080c64        0x0
 .v4_bx         0x00080c64        0x0 linker stubs

.iplt           0x00080c64        0x0
 .iplt          0x00080c64        0x0 c:/program files (x86)/atmel/studio/7.0/toolchain/arm/arm-gnu-toolchain/bin/../lib/gcc/arm-none-eabi/6.3.1/thumb/v7-m/crtbegin.o

.eh_frame       0x00080c64        0x0
 .eh_frame      0x00080c64        0x0 c:/program files (x86)/atmel/studio/7.0/toolchain/arm/arm-gnu-toolchain/bin/../lib/gcc/arm-none-eabi/6.3.1/thumb/v7-m/crtbegin.o

.rel.dyn        0x00080c64        0x0
 .rel.iplt      0x00080c64        0x0 c:/program files (x86)/atmel/studio/7.0/toolchain/arm/arm-gnu-toolchain/bin/../lib/gcc/arm-none-eabi/6.3.1/thumb/v7-m/crtbegin.o

.jcr            0x00080c64        0x0
 .jcr           0x00080c64        0x0 c:/program files (x86)/atmel/studio/7.0/toolchain/arm/arm-gnu-toolchain/bin/../lib/gcc/arm-none-eabi/6.3.1/thumb/v7-m/crtbegin.o

.igot.plt       0x00080c64        0x0
 .igot.plt      0x00080c64        0x0 c:/program files (x86)/atmel/studio/7.0/toolchain/arm/arm-gnu-toolchain/bin/../lib/gcc/arm-none-eabi/6.3.1/thumb/v7-m/crtbegin.o

.ARM.exidx
 *(.ARM.exidx* .gnu.linkonce.armexidx.*)
                [!provide]                PROVIDE (__exidx_end, .)
                0x00080c64                . = ALIGN (0x4)
                0x00080c64                _etext = .

.relocate       0x20000000      0x434 load address 0x00080c64
                0x20000000                . = ALIGN (0x4)
                0x20000000                _srelocate = .
 *(.ramfunc .ramfunc.*)
 *(.data .data.*)
 .data          0x20000000        0x4 Device_Startup/system_sam3xa.o
                0x20000000                SystemCoreClock
 *fill*         0x20000004        0x4 
 .data.impure_data
                0x20000008      0x428 c:/program files (x86)/atmel/studio/7.0/toolchain/arm/arm-gnu-toolchain/bin/../lib/gcc/arm-none-eabi/6.3.1/../../../../arm-none-eabi/lib/thumb/v7-m\libc.a(lib_a-impure.o)
 .data.__atexit_recursive_mutex
                0x20000430        0x4 c:/program files (x86)/atmel/studio/7.0/toolchain/arm/arm-gnu-toolchain/bin/../lib/gcc/arm-none-eabi/6.3.1/../../../../arm-none-eabi/lib/thumb/v7-m\libc.a(lib_a-__call_atexit.o)
                0x20000430                __atexit_recursive_mutex
                0x20000434                . = ALIGN (0x4)
                0x20000434                _erelocate = .

.bss            0x20000434       0x84 load address 0x00081098
                0x20000434                . = ALIGN (0x4)
                0x20000434                _sbss = .
                0x20000434                _szero = .
 *(.bss .bss.*)
 .bss           0x20000434       0x1c c:/program files (x86)/atmel/studio/7.0/toolchain/arm/arm-gnu-toolchain/bin/../lib/gcc/arm-none-eabi/6.3.1/thumb/v7-m/crtbegin.o
 *(COMMON)
 COMMON         0x20000450       0x42 uart.o
                0x20000450                rx_buffer
 *fill*         0x20000492        0x2 
 COMMON         0x20000494       0x21 c:/program files (x86)/atmel/studio/7.0/toolchain/arm/arm-gnu-toolchain/bin/../lib/gcc/arm-none-eabi/6.3.1/../../../../arm-none-eabi/lib/thumb/v7-m\libc.a(lib_a-lock.o)
                0x20000494                __lock___atexit_recursive_mutex
                0x20000498                __lock___arc4random_mutex
                0x2000049c                __lock___env_recursive_mutex
                0x200004a0                __lock___sinit_recursive_mutex
                0x200004a4                __lock___malloc_recursive_mutex
                0x200004a8                __lock___at_quick_exit_mutex
                0x200004ac                __lock___dd_hash_mutex
                0x200004b0                __lock___tz_mutex
                0x200004b4                __lock___sfp_recursive_mutex
                0x200004b8                . = ALIGN (0x4)
 *fill*         0x200004b5        0x3 
                0x200004b8                _ebss = .
                0x200004b8                _ezero = .

.stack          0x200004b8      0x400 load address 0x0008111c
                0x200004b8                . = ALIGN (0x8)
                0x200004b8                _sstack = .
                0x200008b8                . = (. + STACK_SIZE)
 *fill*         0x200004b8      0x400 
                0x200008b8                . = ALIGN (0x8)
                0x200008b8                _estack = .

.heap           0x200008b8      0x200 load address 0x0008151c
                0x200008b8                . = ALIGN (0x8)
                0x200008b8                _sheap = .
                0x20000ab8                . = (. + HEAP_SIZE)
 *fill*         0x200008b8      0x200 
                0x20000ab8                . = ALIGN (0x8)
                0x20000ab8                _eheap = .
                0x20000ab8                . = ALIGN (0x4)
                0x20000ab8                _end = .
                0x20017fff                _ram_end_ = ((ORIGIN (ram) + LENGTH (ram)) - 0x1)
OUTPUT(Node2.elf elf32-littlearm)

.ARM.attributes
                0x00000000       0x29
 .ARM.attributes
                0x00000000       0x1d c:/program files (x86)/atmel/studio/7.0/toolchain/arm/arm-gnu-toolchain/bin/../lib/gcc/arm-none-eabi/6.3.1/thumb/v7-m/crti.o
 .ARM.attributes
                0x0000001d       0x2d c:/program files (x86)/atmel/studio/7.0/toolchain/arm/arm-gnu-toolchain/bin/../lib/gcc/arm-none-eabi/6.3.1/thumb/v7-m/crtbegin.o
 .ARM.attributes
                0x0000004a       0x33 ADC.o
 .ARM.attributes
                0x0000007d       0x33 can_controller.o
 .ARM.attributes
                0x000000b0       0x33 can_interrupt.o
 .ARM.attributes
                0x000000e3       0x33 Device_Startup/startup_sam3xa.o
 .ARM.attributes
                0x00000116       0x33 Device_Startup/system_sam3xa.o
 .ARM.attributes
                0x00000149       0x33 game.o
 .ARM.attributes
                0x0000017c       0x33 main.o
 .ARM.attributes
                0x000001af       0x33 printf_stdarg.o
 .ARM.attributes
                0x000001e2       0x33 PWM_driver.o
 .ARM.attributes
                0x00000215       0x33 uart.o
 .ARM.attributes
                0x00000248       0x2d c:/program files (x86)/atmel/studio/7.0/toolchain/arm/arm-gnu-toolchain/bin/../lib/gcc/arm-none-eabi/6.3.1/../../../../arm-none-eabi/lib/thumb/v7-m\libc.a(lib_a-impure.o)
 .ARM.attributes
                0x00000275       0x2d c:/program files (x86)/atmel/studio/7.0/toolchain/arm/arm-gnu-toolchain/bin/../lib/gcc/arm-none-eabi/6.3.1/../../../../arm-none-eabi/lib/thumb/v7-m\libc.a(lib_a-init.o)
 .ARM.attributes
                0x000002a2       0x2d c:/program files (x86)/atmel/studio/7.0/toolchain/arm/arm-gnu-toolchain/bin/../lib/gcc/arm-none-eabi/6.3.1/../../../../arm-none-eabi/lib/thumb/v7-m\libc.a(lib_a-__call_atexit.o)
 .ARM.attributes
                0x000002cf       0x2d c:/program files (x86)/atmel/studio/7.0/toolchain/arm/arm-gnu-toolchain/bin/../lib/gcc/arm-none-eabi/6.3.1/../../../../arm-none-eabi/lib/thumb/v7-m\libc.a(lib_a-atexit.o)
 .ARM.attributes
                0x000002fc       0x2d c:/program files (x86)/atmel/studio/7.0/toolchain/arm/arm-gnu-toolchain/bin/../lib/gcc/arm-none-eabi/6.3.1/../../../../arm-none-eabi/lib/thumb/v7-m\libc.a(lib_a-fini.o)
 .ARM.attributes
                0x00000329       0x2d c:/program files (x86)/atmel/studio/7.0/toolchain/arm/arm-gnu-toolchain/bin/../lib/gcc/arm-none-eabi/6.3.1/../../../../arm-none-eabi/lib/thumb/v7-m\libc.a(lib_a-lock.o)
 .ARM.attributes
                0x00000356       0x2d c:/program files (x86)/atmel/studio/7.0/toolchain/arm/arm-gnu-toolchain/bin/../lib/gcc/arm-none-eabi/6.3.1/../../../../arm-none-eabi/lib/thumb/v7-m\libc.a(lib_a-__atexit.o)
 .ARM.attributes
                0x00000383       0x1d c:/program files (x86)/atmel/studio/7.0/toolchain/arm/arm-gnu-toolchain/bin/../lib/gcc/arm-none-eabi/6.3.1/thumb/v7-m/crtn.o

.comment        0x00000000       0x59
 .comment       0x00000000       0x59 ADC.o
                                 0x5a (size before relaxing)
 .comment       0x00000059       0x5a can_controller.o
 .comment       0x00000059       0x5a can_interrupt.o
 .comment       0x00000059       0x5a Device_Startup/startup_sam3xa.o
 .comment       0x00000059       0x5a Device_Startup/system_sam3xa.o
 .comment       0x00000059       0x5a game.o
 .comment       0x00000059       0x5a main.o
 .comment       0x00000059       0x5a printf_stdarg.o
 .comment       0x00000059       0x5a PWM_driver.o
 .comment       0x00000059       0x5a uart.o

.debug_info     0x00000000     0x5dda
 .debug_info    0x00000000      0x5dc ADC.o
 .debug_info    0x000005dc      0xd68 can_controller.o
 .debug_info    0x00001344      0xf81 can_interrupt.o
 .debug_info    0x000022c5      0x74e Device_Startup/startup_sam3xa.o
 .debug_info    0x00002a13      0x444 Device_Startup/system_sam3xa.o
 .debug_info    0x00002e57      0x125 game.o
 .debug_info    0x00002f7c      0xfd2 main.o
 .debug_info    0x00003f4e      0x60b printf_stdarg.o
 .debug_info    0x00004559      0xc36 PWM_driver.o
 .debug_info    0x0000518f      0xc4b uart.o

.debug_abbrev   0x00000000     0x1024
 .debug_abbrev  0x00000000       0xd9 ADC.o
 .debug_abbrev  0x000000d9      0x212 can_controller.o
 .debug_abbrev  0x000002eb      0x2bb can_interrupt.o
 .debug_abbrev  0x000005a6      0x153 Device_Startup/startup_sam3xa.o
 .debug_abbrev  0x000006f9      0x102 Device_Startup/system_sam3xa.o
 .debug_abbrev  0x000007fb       0xb4 game.o
 .debug_abbrev  0x000008af      0x22e main.o
 .debug_abbrev  0x00000add      0x194 printf_stdarg.o
 .debug_abbrev  0x00000c71      0x178 PWM_driver.o
 .debug_abbrev  0x00000de9      0x23b uart.o

.debug_aranges  0x00000000      0x1d0
 .debug_aranges
                0x00000000       0x28 ADC.o
 .debug_aranges
                0x00000028       0x38 can_controller.o
 .debug_aranges
                0x00000060       0x20 can_interrupt.o
 .debug_aranges
                0x00000080       0x28 Device_Startup/startup_sam3xa.o
 .debug_aranges
                0x000000a8       0x30 Device_Startup/system_sam3xa.o
 .debug_aranges
                0x000000d8       0x20 game.o
 .debug_aranges
                0x000000f8       0x20 main.o
 .debug_aranges
                0x00000118       0x50 printf_stdarg.o
 .debug_aranges
                0x00000168       0x30 PWM_driver.o
 .debug_aranges
                0x00000198       0x38 uart.o

.debug_ranges   0x00000000      0x160
 .debug_ranges  0x00000000       0x18 ADC.o
 .debug_ranges  0x00000018       0x28 can_controller.o
 .debug_ranges  0x00000040       0x28 can_interrupt.o
 .debug_ranges  0x00000068       0x18 Device_Startup/startup_sam3xa.o
 .debug_ranges  0x00000080       0x20 Device_Startup/system_sam3xa.o
 .debug_ranges  0x000000a0       0x10 game.o
 .debug_ranges  0x000000b0       0x10 main.o
 .debug_ranges  0x000000c0       0x58 printf_stdarg.o
 .debug_ranges  0x00000118       0x20 PWM_driver.o
 .debug_ranges  0x00000138       0x28 uart.o

.debug_macro    0x00000000    0x12d2a
 .debug_macro   0x00000000      0x381 ADC.o
 .debug_macro   0x00000381      0x8b0 ADC.o
 .debug_macro   0x00000c31       0x22 ADC.o
 .debug_macro   0x00000c53       0x87 ADC.o
 .debug_macro   0x00000cda       0x51 ADC.o
 .debug_macro   0x00000d2b       0xef ADC.o
 .debug_macro   0x00000e1a       0x6a ADC.o
 .debug_macro   0x00000e84      0x1df ADC.o
 .debug_macro   0x00001063       0x20 ADC.o
 .debug_macro   0x00001083       0x1c ADC.o
 .debug_macro   0x0000109f       0x22 ADC.o
 .debug_macro   0x000010c1       0xc3 ADC.o
 .debug_macro   0x00001184      0xe49 ADC.o
 .debug_macro   0x00001fcd      0x11f ADC.o
 .debug_macro   0x000020ec      0xa7d ADC.o
 .debug_macro   0x00002b69      0x55a ADC.o
 .debug_macro   0x000030c3      0x1a8 ADC.o
 .debug_macro   0x0000326b      0x30b ADC.o
 .debug_macro   0x00003576      0x709 ADC.o
 .debug_macro   0x00003c7f       0xd6 ADC.o
 .debug_macro   0x00003d55      0x56c ADC.o
 .debug_macro   0x000042c1       0x1c ADC.o
 .debug_macro   0x000042dd      0x678 ADC.o
 .debug_macro   0x00004955      0x51e ADC.o
 .debug_macro   0x00004e73       0xbe ADC.o
 .debug_macro   0x00004f31     0x2333 ADC.o
 .debug_macro   0x00007264      0x7d1 ADC.o
 .debug_macro   0x00007a35      0xdbb ADC.o
 .debug_macro   0x000087f0       0x9a ADC.o
 .debug_macro   0x0000888a      0x29c ADC.o
 .debug_macro   0x00008b26       0x58 ADC.o
 .debug_macro   0x00008b7e      0x999 ADC.o
 .debug_macro   0x00009517      0x22d ADC.o
 .debug_macro   0x00009744      0x4b4 ADC.o
 .debug_macro   0x00009bf8      0x64a ADC.o
 .debug_macro   0x0000a242      0x590 ADC.o
 .debug_macro   0x0000a7d2       0x46 ADC.o
 .debug_macro   0x0000a818      0x33f ADC.o
 .debug_macro   0x0000ab57      0x27e ADC.o
 .debug_macro   0x0000add5     0x14dc ADC.o
 .debug_macro   0x0000c2b1      0x7cf ADC.o
 .debug_macro   0x0000ca80       0x76 ADC.o
 .debug_macro   0x0000caf6       0x82 ADC.o
 .debug_macro   0x0000cb78       0x76 ADC.o
 .debug_macro   0x0000cbee       0x4c ADC.o
 .debug_macro   0x0000cc3a      0x100 ADC.o
 .debug_macro   0x0000cd3a      0x100 ADC.o
 .debug_macro   0x0000ce3a      0x100 ADC.o
 .debug_macro   0x0000cf3a       0x88 ADC.o
 .debug_macro   0x0000cfc2       0x88 ADC.o
 .debug_macro   0x0000d04a      0x3b4 ADC.o
 .debug_macro   0x0000d3fe       0xbe ADC.o
 .debug_macro   0x0000d4bc       0xbe ADC.o
 .debug_macro   0x0000d57a       0xbe ADC.o
 .debug_macro   0x0000d638       0xbe ADC.o
 .debug_macro   0x0000d6f6      0x2b8 ADC.o
 .debug_macro   0x0000d9ae      0x118 ADC.o
 .debug_macro   0x0000dac6      0x216 ADC.o
 .debug_macro   0x0000dcdc      0x216 ADC.o
 .debug_macro   0x0000def2       0x2e ADC.o
 .debug_macro   0x0000df20       0xac ADC.o
 .debug_macro   0x0000dfcc      0x13e ADC.o
 .debug_macro   0x0000e10a       0x7c ADC.o
 .debug_macro   0x0000e186      0x1f6 ADC.o
 .debug_macro   0x0000e37c       0x64 ADC.o
 .debug_macro   0x0000e3e0       0xa6 ADC.o
 .debug_macro   0x0000e486       0x7c ADC.o
 .debug_macro   0x0000e502       0x16 ADC.o
 .debug_macro   0x0000e518       0x22 ADC.o
 .debug_macro   0x0000e53a       0x22 ADC.o
 .debug_macro   0x0000e55c      0x10c ADC.o
 .debug_macro   0x0000e668      0x10c ADC.o
 .debug_macro   0x0000e774      0x10c ADC.o
 .debug_macro   0x0000e880      0x10c ADC.o
 .debug_macro   0x0000e98c       0x1c ADC.o
 .debug_macro   0x0000e9a8       0x2e ADC.o
 .debug_macro   0x0000e9d6       0x22 ADC.o
 .debug_macro   0x0000e9f8       0x1c ADC.o
 .debug_macro   0x0000ea14       0x58 ADC.o
 .debug_macro   0x0000ea6c       0x10 ADC.o
 .debug_macro   0x0000ea7c      0x27a ADC.o
 .debug_macro   0x0000ecf6      0xd34 ADC.o
 .debug_macro   0x0000fa2a      0x170 ADC.o
 .debug_macro   0x0000fb9a      0x385 can_controller.o
 .debug_macro   0x0000ff1f       0x26 can_controller.o
 .debug_macro   0x0000ff45      0x4dc can_interrupt.o
 .debug_macro   0x00010421       0x52 can_interrupt.o
 .debug_macro   0x00010473       0x8d can_interrupt.o
 .debug_macro   0x00010500       0x35 can_interrupt.o
 .debug_macro   0x00010535       0x9c can_interrupt.o
 .debug_macro   0x000105d1       0x16 can_interrupt.o
 .debug_macro   0x000105e7       0x57 can_interrupt.o
 .debug_macro   0x0001063e       0x97 can_interrupt.o
 .debug_macro   0x000106d5      0x353 can_interrupt.o
 .debug_macro   0x00010a28       0xf6 can_interrupt.o
 .debug_macro   0x00010b1e       0x10 can_interrupt.o
 .debug_macro   0x00010b2e       0x58 can_interrupt.o
 .debug_macro   0x00010b86       0x1f can_interrupt.o
 .debug_macro   0x00010ba5       0x43 can_interrupt.o
 .debug_macro   0x00010be8       0x20 can_interrupt.o
 .debug_macro   0x00010c08      0x187 can_interrupt.o
 .debug_macro   0x00010d8f       0x10 can_interrupt.o
 .debug_macro   0x00010d9f       0x1c can_interrupt.o
 .debug_macro   0x00010dbb       0x52 can_interrupt.o
 .debug_macro   0x00010e0d       0x40 can_interrupt.o
 .debug_macro   0x00010e4d       0x10 can_interrupt.o
 .debug_macro   0x00010e5d       0x40 can_interrupt.o
 .debug_macro   0x00010e9d       0xd7 can_interrupt.o
 .debug_macro   0x00010f74       0x16 can_interrupt.o
 .debug_macro   0x00010f8a      0x18b can_interrupt.o
 .debug_macro   0x00011115       0xbd can_interrupt.o
 .debug_macro   0x000111d2       0x10 can_interrupt.o
 .debug_macro   0x000111e2      0x371 Device_Startup/startup_sam3xa.o
 .debug_macro   0x00011553      0x383 Device_Startup/system_sam3xa.o
 .debug_macro   0x000118d6      0x38a game.o
 .debug_macro   0x00011c60       0x10 game.o
 .debug_macro   0x00011c70      0x4ed main.o
 .debug_macro   0x0001215d       0x10 main.o
 .debug_macro   0x0001216d       0x58 main.o
 .debug_macro   0x000121c5      0x34d main.o
 .debug_macro   0x00012512       0x22 main.o
 .debug_macro   0x00012534       0x8e printf_stdarg.o
 .debug_macro   0x000125c2       0x58 printf_stdarg.o
 .debug_macro   0x0001261a      0x380 PWM_driver.o
 .debug_macro   0x0001299a       0x1c PWM_driver.o
 .debug_macro   0x000129b6      0x374 uart.o

.debug_line     0x00000000     0x4800
 .debug_line    0x00000000      0x709 ADC.o
 .debug_line    0x00000709      0x7de can_controller.o
 .debug_line    0x00000ee7      0x87f can_interrupt.o
 .debug_line    0x00001766      0x728 Device_Startup/startup_sam3xa.o
 .debug_line    0x00001e8e      0x785 Device_Startup/system_sam3xa.o
 .debug_line    0x00002613      0x706 game.o
 .debug_line    0x00002d19      0x875 main.o
 .debug_line    0x0000358e      0x3cb printf_stdarg.o
 .debug_line    0x00003959      0x740 PWM_driver.o
 .debug_line    0x00004099      0x767 uart.o

.debug_str      0x00000000    0x5537d
 .debug_str     0x00000000    0x50030 ADC.o
                              0x501d7 (size before relaxing)
 .debug_str     0x00050030      0x648 can_controller.o
                              0x506fa (size before relaxing)
 .debug_str     0x00050678     0x40b5 can_interrupt.o
                              0x54510 (size before relaxing)
 .debug_str     0x0005472d      0x506 Device_Startup/startup_sam3xa.o
                              0x504b4 (size before relaxing)
 .debug_str     0x00054c33      0x195 Device_Startup/system_sam3xa.o
                              0x50247 (size before relaxing)
 .debug_str     0x00054dc8       0x4f game.o
                              0x4ffe7 (size before relaxing)
 .debug_str     0x00054e17       0xce main.o
                              0x54451 (size before relaxing)
 .debug_str     0x00054ee5      0x17a printf_stdarg.o
                               0x363a (size before relaxing)
 .debug_str     0x0005505f      0x21b PWM_driver.o
                              0x50506 (size before relaxing)
 .debug_str     0x0005527a      0x103 uart.o
                              0x50691 (size before relaxing)

.debug_frame    0x00000000      0x53c
 .debug_frame   0x00000000       0x30 ADC.o
 .debug_frame   0x00000030       0x80 can_controller.o
 .debug_frame   0x000000b0       0x30 can_interrupt.o
 .debug_frame   0x000000e0       0x38 Device_Startup/startup_sam3xa.o
 .debug_frame   0x00000118       0x40 Device_Startup/system_sam3xa.o
 .debug_frame   0x00000158       0x2c game.o
 .debug_frame   0x00000184       0x28 main.o
 .debug_frame   0x000001ac      0x124 printf_stdarg.o
 .debug_frame   0x000002d0       0x54 PWM_driver.o
 .debug_frame   0x00000324       0x58 uart.o
 .debug_frame   0x0000037c       0x2c c:/program files (x86)/atmel/studio/7.0/toolchain/arm/arm-gnu-toolchain/bin/../lib/gcc/arm-none-eabi/6.3.1/../../../../arm-none-eabi/lib/thumb/v7-m\libc.a(lib_a-init.o)
 .debug_frame   0x000003a8       0x5c c:/program files (x86)/atmel/studio/7.0/toolchain/arm/arm-gnu-toolchain/bin/../lib/gcc/arm-none-eabi/6.3.1/../../../../arm-none-eabi/lib/thumb/v7-m\libc.a(lib_a-__call_atexit.o)
 .debug_frame   0x00000404       0x20 c:/program files (x86)/atmel/studio/7.0/toolchain/arm/arm-gnu-toolchain/bin/../lib/gcc/arm-none-eabi/6.3.1/../../../../arm-none-eabi/lib/thumb/v7-m\libc.a(lib_a-atexit.o)
 .debug_frame   0x00000424       0x34 c:/program files (x86)/atmel/studio/7.0/toolchain/arm/arm-gnu-toolchain/bin/../lib/gcc/arm-none-eabi/6.3.1/../../../../arm-none-eabi/lib/thumb/v7-m\libc.a(lib_a-fini.o)
 .debug_frame   0x00000458       0xb0 c:/program files (x86)/atmel/studio/7.0/toolchain/arm/arm-gnu-toolchain/bin/../lib/gcc/arm-none-eabi/6.3.1/../../../../arm-none-eabi/lib/thumb/v7-m\libc.a(lib_a-lock.o)
 .debug_frame   0x00000508       0x34 c:/program files (x86)/atmel/studio/7.0/toolchain/arm/arm-gnu-toolchain/bin/../lib/gcc/arm-none-eabi/6.3.1/../../../../arm-none-eabi/lib/thumb/v7-m\libc.a(lib_a-__atexit.o)

.debug_loc      0x00000000      0xe77
 .debug_loc     0x00000000      0x2b5 can_controller.o
 .debug_loc     0x000002b5       0x7f can_interrupt.o
 .debug_loc     0x00000334       0x78 Device_Startup/startup_sam3xa.o
 .debug_loc     0x000003ac       0x8b game.o
 .debug_loc     0x00000437       0x2c main.o
 .debug_loc     0x00000463      0x8d2 printf_stdarg.o
 .debug_loc     0x00000d35       0x74 PWM_driver.o
 .debug_loc     0x00000da9       0xce uart.o
