Archive member included to satisfy reference by file (symbol)

c:/program files (x86)/atmel/studio/7.0/toolchain/arm/arm-gnu-toolchain/bin/../lib/gcc/arm-none-eabi/6.3.1/thumb/v7-m\libgcc.a(_arm_addsubdf3.o)
                              main.o (__aeabi_dadd)
c:/program files (x86)/atmel/studio/7.0/toolchain/arm/arm-gnu-toolchain/bin/../lib/gcc/arm-none-eabi/6.3.1/thumb/v7-m\libgcc.a(_arm_muldivdf3.o)
                              main.o (__aeabi_dmul)
c:/program files (x86)/atmel/studio/7.0/toolchain/arm/arm-gnu-toolchain/bin/../lib/gcc/arm-none-eabi/6.3.1/thumb/v7-m\libgcc.a(_arm_fixunsdfsi.o)
                              main.o (__aeabi_d2uiz)
c:/program files (x86)/atmel/studio/7.0/toolchain/arm/arm-gnu-toolchain/bin/../lib/gcc/arm-none-eabi/6.3.1/../../../../arm-none-eabi/lib/thumb/v7-m\libc.a(lib_a-exit.o)
                              c:/program files (x86)/atmel/studio/7.0/toolchain/arm/arm-gnu-toolchain/bin/../lib/gcc/arm-none-eabi/6.3.1/../../../../arm-none-eabi/lib/thumb/v7-m/crt0.o (exit)
c:/program files (x86)/atmel/studio/7.0/toolchain/arm/arm-gnu-toolchain/bin/../lib/gcc/arm-none-eabi/6.3.1/../../../../arm-none-eabi/lib/thumb/v7-m\libc.a(lib_a-impure.o)
                              c:/program files (x86)/atmel/studio/7.0/toolchain/arm/arm-gnu-toolchain/bin/../lib/gcc/arm-none-eabi/6.3.1/../../../../arm-none-eabi/lib/thumb/v7-m\libc.a(lib_a-exit.o) (_global_impure_ptr)
c:/program files (x86)/atmel/studio/7.0/toolchain/arm/arm-gnu-toolchain/bin/../lib/gcc/arm-none-eabi/6.3.1/../../../../arm-none-eabi/lib/thumb/v7-m\libc.a(lib_a-init.o)
                              c:/program files (x86)/atmel/studio/7.0/toolchain/arm/arm-gnu-toolchain/bin/../lib/gcc/arm-none-eabi/6.3.1/../../../../arm-none-eabi/lib/thumb/v7-m/crt0.o (__libc_init_array)
c:/program files (x86)/atmel/studio/7.0/toolchain/arm/arm-gnu-toolchain/bin/../lib/gcc/arm-none-eabi/6.3.1/../../../../arm-none-eabi/lib/thumb/v7-m\libc.a(lib_a-memset.o)
                              c:/program files (x86)/atmel/studio/7.0/toolchain/arm/arm-gnu-toolchain/bin/../lib/gcc/arm-none-eabi/6.3.1/../../../../arm-none-eabi/lib/thumb/v7-m/crt0.o (memset)
c:/program files (x86)/atmel/studio/7.0/toolchain/arm/arm-gnu-toolchain/bin/../lib/gcc/arm-none-eabi/6.3.1/../../../../arm-none-eabi/lib/thumb/v7-m\libc.a(lib_a-__call_atexit.o)
                              c:/program files (x86)/atmel/studio/7.0/toolchain/arm/arm-gnu-toolchain/bin/../lib/gcc/arm-none-eabi/6.3.1/../../../../arm-none-eabi/lib/thumb/v7-m\libc.a(lib_a-exit.o) (__call_exitprocs)
c:/program files (x86)/atmel/studio/7.0/toolchain/arm/arm-gnu-toolchain/bin/../lib/gcc/arm-none-eabi/6.3.1/../../../../arm-none-eabi/lib/thumb/v7-m\libc.a(lib_a-atexit.o)
                              c:/program files (x86)/atmel/studio/7.0/toolchain/arm/arm-gnu-toolchain/bin/../lib/gcc/arm-none-eabi/6.3.1/../../../../arm-none-eabi/lib/thumb/v7-m\libc.a(lib_a-__call_atexit.o) (atexit)
c:/program files (x86)/atmel/studio/7.0/toolchain/arm/arm-gnu-toolchain/bin/../lib/gcc/arm-none-eabi/6.3.1/../../../../arm-none-eabi/lib/thumb/v7-m\libc.a(lib_a-fini.o)
                              c:/program files (x86)/atmel/studio/7.0/toolchain/arm/arm-gnu-toolchain/bin/../lib/gcc/arm-none-eabi/6.3.1/../../../../arm-none-eabi/lib/thumb/v7-m\libc.a(lib_a-__call_atexit.o) (__libc_fini_array)
c:/program files (x86)/atmel/studio/7.0/toolchain/arm/arm-gnu-toolchain/bin/../lib/gcc/arm-none-eabi/6.3.1/../../../../arm-none-eabi/lib/thumb/v7-m\libc.a(lib_a-lock.o)
                              c:/program files (x86)/atmel/studio/7.0/toolchain/arm/arm-gnu-toolchain/bin/../lib/gcc/arm-none-eabi/6.3.1/../../../../arm-none-eabi/lib/thumb/v7-m\libc.a(lib_a-__call_atexit.o) (__retarget_lock_acquire_recursive)
c:/program files (x86)/atmel/studio/7.0/toolchain/arm/arm-gnu-toolchain/bin/../lib/gcc/arm-none-eabi/6.3.1/../../../../arm-none-eabi/lib/thumb/v7-m\libc.a(lib_a-__atexit.o)
                              c:/program files (x86)/atmel/studio/7.0/toolchain/arm/arm-gnu-toolchain/bin/../lib/gcc/arm-none-eabi/6.3.1/../../../../arm-none-eabi/lib/thumb/v7-m\libc.a(lib_a-atexit.o) (__register_exitproc)

Allocating common symbols
Common symbol       size              file

__lock___atexit_recursive_mutex
                    0x1               c:/program files (x86)/atmel/studio/7.0/toolchain/arm/arm-gnu-toolchain/bin/../lib/gcc/arm-none-eabi/6.3.1/../../../../arm-none-eabi/lib/thumb/v7-m\libc.a(lib_a-lock.o)
__lock___arc4random_mutex
                    0x1               c:/program files (x86)/atmel/studio/7.0/toolchain/arm/arm-gnu-toolchain/bin/../lib/gcc/arm-none-eabi/6.3.1/../../../../arm-none-eabi/lib/thumb/v7-m\libc.a(lib_a-lock.o)
motor_speed_PI      0x2               main.o
msg                 0xc               main.o
__lock___env_recursive_mutex
[...]
Memory Configuration

Name             Origin             Length             Attributes
rom              0x00080000         0x00080000         xr
ram              0x20000000         0x00018000         xrw
*default*        0x00000000         0xffffffff

Linker script and memory map

LOAD c:/program files (x86)/atmel/studio/7.0/toolchain/arm/arm-gnu-toolchain/bin/../lib/gcc/arm-none-eabi/6.3.1/thumb/v7-m/crti.o
LOAD c:/program files (x86)/atmel/studio/7.0/toolchain/arm/arm-gnu-toolchain/bin/../lib/gcc/arm-none-eabi/6.3.1/thumb/v7-m/crtbegin.o
LOAD c:/program files (x86)/atmel/studio/7.0/toolchain/arm/arm-gnu-toolchain/bin/../lib/gcc/arm-none-eabi/6.3.1/../../../../arm-none-eabi/lib/thumb/v7-m/crt0.o
LOAD ADC.o
LOAD can_controller.o
LOAD can_interrupt.o
LOAD DAC.o
LOAD Device_Startup/startup_sam3xa.o
LOAD Device_Startup/system_sam3xa.o
LOAD game.o
LOAD main.o
LOAD motor.o
LOAD POS_CTRL.o
LOAD printf_stdarg.o
LOAD PWM_driver.o
LOAD timer.o
LOAD uart.o
LOAD Utilities.o
START GROUP
LOAD c:/program files (x86)/atmel/studio/7.0/toolchain/arm/arm-gnu-toolchain/bin/../lib/gcc/arm-none-eabi/6.3.1/../../../../arm-none-eabi/lib/thumb/v7-m\libm.a
END GROUP
START GROUP
LOAD c:/program files (x86)/atmel/studio/7.0/toolchain/arm/arm-gnu-toolchain/bin/../lib/gcc/arm-none-eabi/6.3.1/thumb/v7-m\libgcc.a
LOAD c:/program files (x86)/atmel/studio/7.0/toolchain/arm/arm-gnu-toolchain/bin/../lib/gcc/arm-none-eabi/6.3.1/../../../../arm-none-eabi/lib/thumb/v7-m\libc.a
END GROUP
LOAD c:/program files (x86)/atmel/studio/7.0/toolchain/arm/arm-gnu-toolchain/bin/../lib/gcc/arm-none-eabi/6.3.1/thumb/v7-m/crtend.o
LOAD c:/program files (x86)/atmel/studio/7.0/toolchain/arm/arm-gnu-toolchain/bin/../lib/gcc/arm-none-eabi/6.3.1/thumb/v7-m/crtn.o
                0x00000400                STACK_SIZE = DEFINED (STACK_SIZE)?STACK_SIZE:0x400
                0x00000200                HEAP_SIZE = DEFINED (HEAP_SIZE)?HEAP_SIZE:0x200

.text           0x00080000     0x1764
                0x00080000                . = ALIGN (0x4)
                0x00080000                _sfixed = .
 *(.vectors .vectors.*)
 .vectors       0x00080000       0xf4 Device_Startup/startup_sam3xa.o
                0x00080000                exception_table
 *(.text .text.* .gnu.linkonce.t.*)
 .text          0x000800f4       0x6c c:/program files (x86)/atmel/studio/7.0/toolchain/arm/arm-gnu-toolchain/bin/../lib/gcc/arm-none-eabi/6.3.1/thumb/v7-m/crtbegin.o
 .text.ADC_init
                0x00080160       0x3c ADC.o
                0x00080160                ADC_init
 .text.ADC_read
                0x0008019c        0xc ADC.o
                0x0008019c                ADC_read
 .text.can_init
                0x000801a8       0xe4 can_controller.o
                0x000801a8                can_init
 .text.can_init_def_tx_rx_mb
                0x0008028c       0x10 can_controller.o
                0x0008028c                can_init_def_tx_rx_mb
 .text.can_receive
                0x0008029c       0x84 can_controller.o
                0x0008029c                can_receive
 .text.CAN0_Handler
                0x00080320       0x70 can_interrupt.o
                0x00080320                CAN0_Handler
 .text.DAC_Init
                0x00080390       0x4c DAC.o
                0x00080390                DAC_Init
 .text.DAC_Control_Motor_Speed
                0x000803dc        0xc DAC.o
                0x000803dc                DAC_Control_Motor_Speed
 .text.Dummy_Handler
                0x000803e8        0x2 Device_Startup/startup_sam3xa.o
                0x000803e8                DACC_Handler
                0x000803e8                DebugMon_Handler
                0x000803e8                DMAC_Handler
                0x000803e8                TRNG_Handler
                0x000803e8                HardFault_Handler
                0x000803e8                TC2_Handler
                0x000803e8                USART3_Handler
                0x000803e8                TWI1_Handler
                0x000803e8                PendSV_Handler
                0x000803e8                NMI_Handler
                0x000803e8                TC7_Handler
                0x000803e8                ADC_Handler
                0x000803e8                SMC_Handler
                0x000803e8                USART0_Handler
                0x000803e8                RTT_Handler
                0x000803e8                EFC1_Handler
                0x000803e8                PIOB_Handler
                0x000803e8                RTC_Handler
                0x000803e8                UsageFault_Handler
                0x000803e8                TC6_Handler
                0x000803e8                WDT_Handler
                0x000803e8                TC4_Handler
                0x000803e8                TC1_Handler
                0x000803e8                HSMCI_Handler
                0x000803e8                TC3_Handler
                0x000803e8                Dummy_Handler
                0x000803e8                TWI0_Handler
                0x000803e8                USART1_Handler
                0x000803e8                PIOA_Handler
                0x000803e8                SSC_Handler
                0x000803e8                EFC0_Handler
                0x000803e8                PMC_Handler
                0x000803e8                PWM_Handler
                0x000803e8                CAN1_Handler
                0x000803e8                MemManage_Handler
                0x000803e8                SUPC_Handler
                0x000803e8                SVC_Handler
                0x000803e8                TC8_Handler
                0x000803e8                USART2_Handler
                0x000803e8                PIOD_Handler
                0x000803e8                EMAC_Handler
                0x000803e8                PIOC_Handler
                0x000803e8                BusFault_Handler
                0x000803e8                RSTC_Handler
                0x000803e8                TC5_Handler
                0x000803e8                UOTGHS_Handler
                0x000803e8                SPI0_Handler
 *fill*         0x000803ea        0x2 
 .text.Reset_Handler
                0x000803ec       0x6c Device_Startup/startup_sam3xa.o
                0x000803ec                Reset_Handler
 .text.SystemInit
                0x00080458       0xa4 Device_Startup/system_sam3xa.o
                0x00080458                SystemInit
 .text.Game_Score_Keeper
                0x000804fc       0x34 game.o
                0x000804fc                Game_Score_Keeper
 .text.main     0x00080530       0xbc main.o
                0x00080530                main
 .text.TC0_Handler
                0x000805ec      0x100 main.o
                0x000805ec                TC0_Handler
 .text.MOTOR_init
                0x000806ec       0x78 motor.o
                0x000806ec                MOTOR_init
 .text.MOTOR_read_encoder
                0x00080764       0x48 motor.o
                0x00080764                MOTOR_read_encoder
 .text.POS_CTRL_timer_interrupt_init
                0x000807ac       0x68 POS_CTRL.o
                0x000807ac                POS_CTRL_timer_interrupt_init
 .text.printchar
                0x00080814       0x10 printf_stdarg.o
 .text.prints   0x00080824       0x84 printf_stdarg.o
 .text.printi   0x000808a8       0xac printf_stdarg.o
 .text.print    0x00080954      0x150 printf_stdarg.o
 .text.printf   0x00080aa4       0x24 printf_stdarg.o
                0x00080aa4                printf
 .text.PWM_duty_cycle_update
                0x00080ac8       0x28 PWM_driver.o
                0x00080ac8                PWM_duty_cycle_update
 .text.PWM_init
                0x00080af0       0x70 PWM_driver.o
                0x00080af0                PWM_init
 .text.PWM_DC_from_joystick
                0x00080b60       0x40 PWM_driver.o
                0x00080b60                PWM_DC_from_joystick
 .text.SysTick_init
                0x00080ba0       0x24 timer.o
 .text._delay_ms
                0x00080bc4       0x24 timer.o
                0x00080bc4                _delay_ms
 .text._delay_us
                0x00080be8       0x20 timer.o
                0x00080be8                _delay_us
 .text.SysTick_Handler
                0x00080c08       0x20 timer.o
                0x00080c08                SysTick_Handler
 .text.configure_uart
                0x00080c28       0x68 uart.o
                0x00080c28                configure_uart
 .text.uart_putchar
                0x00080c90       0x24 uart.o
                0x00080c90                uart_putchar
 .text.UART_Handler
                0x00080cb4       0x68 uart.o
                0x00080cb4                UART_Handler
 .text.Utilities_init
                0x00080d1c       0x20 Utilities.o
                0x00080d1c                Utilities_init
 .text.Utilities_activate_solenoide
                0x00080d3c       0x1c Utilities.o
                0x00080d3c                Utilities_activate_solenoide
 .text          0x00080d58      0x370 c:/program files (x86)/atmel/studio/7.0/toolchain/arm/arm-gnu-toolchain/bin/../lib/gcc/arm-none-eabi/6.3.1/thumb/v7-m\libgcc.a(_arm_addsubdf3.o)
                0x00080d58                __aeabi_drsub
                0x00080d60                __aeabi_dsub
                0x00080d60                __subdf3
                0x00080d64                __aeabi_dadd
                0x00080d64                __adddf3
                0x00080fdc                __floatunsidf
                0x00080fdc                __aeabi_ui2d
                0x00080ffc                __floatsidf
                0x00080ffc                __aeabi_i2d
                0x00081020                __aeabi_f2d
                0x00081020                __extendsfdf2
                0x0008105c                __floatundidf
                0x0008105c                __aeabi_ul2d
                0x0008106c                __floatdidf
                0x0008106c                __aeabi_l2d
 .text          0x000810c8      0x424 c:/program files (x86)/atmel/studio/7.0/toolchain/arm/arm-gnu-toolchain/bin/../lib/gcc/arm-none-eabi/6.3.1/thumb/v7-m\libgcc.a(_arm_muldivdf3.o)
                0x000810c8                __aeabi_dmul
                0x000810c8                __muldf3
                0x0008131c                __divdf3
                0x0008131c                __aeabi_ddiv
 .text          0x000814ec       0x40 c:/program files (x86)/atmel/studio/7.0/toolchain/arm/arm-gnu-toolchain/bin/../lib/gcc/arm-none-eabi/6.3.1/thumb/v7-m\libgcc.a(_arm_fixunsdfsi.o)
                0x000814ec                __aeabi_d2uiz
                0x000814ec                __fixunsdfsi
 .text.__libc_init_array
                0x0008152c       0x50 c:/program files (x86)/atmel/studio/7.0/toolchain/arm/arm-gnu-toolchain/bin/../lib/gcc/arm-none-eabi/6.3.1/../../../../arm-none-eabi/lib/thumb/v7-m\libc.a(lib_a-init.o)
                0x0008152c                __libc_init_array
 .text.startup.register_fini
                0x0008157c       0x14 c:/program files (x86)/atmel/studio/7.0/toolchain/arm/arm-gnu-toolchain/bin/../lib/gcc/arm-none-eabi/6.3.1/../../../../arm-none-eabi/lib/thumb/v7-m\libc.a(lib_a-__call_atexit.o)
 .text.atexit   0x00081590        0xc c:/program files (x86)/atmel/studio/7.0/toolchain/arm/arm-gnu-toolchain/bin/../lib/gcc/arm-none-eabi/6.3.1/../../../../arm-none-eabi/lib/thumb/v7-m\libc.a(lib_a-atexit.o)
                0x00081590                atexit
 .text.__libc_fini_array
                0x0008159c       0x34 c:/program files (x86)/atmel/studio/7.0/toolchain/arm/arm-gnu-toolchain/bin/../lib/gcc/arm-none-eabi/6.3.1/../../../../arm-none-eabi/lib/thumb/v7-m\libc.a(lib_a-fini.o)
                0x0008159c                __libc_fini_array
 .text.__retarget_lock_acquire_recursive
                0x000815d0        0x4 c:/program files (x86)/atmel/studio/7.0/toolchain/arm/arm-gnu-toolchain/bin/../lib/gcc/arm-none-eabi/6.3.1/../../../../arm-none-eabi/lib/thumb/v7-m\libc.a(lib_a-lock.o)
                0x000815d0                __retarget_lock_acquire_recursive
 .text.__retarget_lock_release_recursive
                0x000815d4        0x4 c:/program files (x86)/atmel/studio/7.0/toolchain/arm/arm-gnu-toolchain/bin/../lib/gcc/arm-none-eabi/6.3.1/../../../../arm-none-eabi/lib/thumb/v7-m\libc.a(lib_a-lock.o)
                0x000815d4                __retarget_lock_release_recursive
 .text.__register_exitproc
                0x000815d8       0xc4 c:/program files (x86)/atmel/studio/7.0/toolchain/arm/arm-gnu-toolchain/bin/../lib/gcc/arm-none-eabi/6.3.1/../../../../arm-none-eabi/lib/thumb/v7-m\libc.a(lib_a-__atexit.o)
                0x000815d8                __register_exitproc
 *(.glue_7t)
 .glue_7t       0x0008169c        0x0 linker stubs
 *(.glue_7)
 .glue_7        0x0008169c        0x0 linker stubs
 *(.rodata .rodata* .gnu.linkonce.r.*)
 .rodata.str1.4
                0x0008169c       0x2b can_interrupt.o
 *fill*         0x000816c7        0x1 
 .rodata.str1.4
                0x000816c8       0x12 main.o
 *fill*         0x000816da        0x2 
 .rodata.str1.4
                0x000816dc       0x17 motor.o
 *fill*         0x000816f3        0x1 
 .rodata.str1.4
                0x000816f4       0x1d POS_CTRL.o
 *fill*         0x00081711        0x3 
 .rodata.str1.4
                0x00081714        0x7 printf_stdarg.o
 *fill*         0x0008171b        0x1 
 .rodata.str1.4
                0x0008171c       0x20 uart.o
                                 0x1e (size before relaxing)
 .rodata._global_impure_ptr
                0x0008173c        0x4 c:/program files (x86)/atmel/studio/7.0/toolchain/arm/arm-gnu-toolchain/bin/../lib/gcc/arm-none-eabi/6.3.1/../../../../arm-none-eabi/lib/thumb/v7-m\libc.a(lib_a-impure.o)
                0x0008173c                _global_impure_ptr
 *(.ARM.extab* .gnu.linkonce.armextab.*)
                0x00081740                . = ALIGN (0x4)
 *(.init)
 .init          0x00081740        0x4 c:/program files (x86)/atmel/studio/7.0/toolchain/arm/arm-gnu-toolchain/bin/../lib/gcc/arm-none-eabi/6.3.1/thumb/v7-m/crti.o
                0x00081740                _init
 .init          0x00081744        0x8 c:/program files (x86)/atmel/studio/7.0/toolchain/arm/arm-gnu-toolchain/bin/../lib/gcc/arm-none-eabi/6.3.1/thumb/v7-m/crtn.o
                0x0008174c                . = ALIGN (0x4)
                0x0008174c                __preinit_array_start = .
 *(.preinit_array)
                0x0008174c                __preinit_array_end = .
                0x0008174c                . = ALIGN (0x4)
                0x0008174c                __init_array_start = .
 *(SORT(.init_array.*))
 .init_array.00000
                0x0008174c        0x4 c:/program files (x86)/atmel/studio/7.0/toolchain/arm/arm-gnu-toolchain/bin/../lib/gcc/arm-none-eabi/6.3.1/../../../../arm-none-eabi/lib/thumb/v7-m\libc.a(lib_a-__call_atexit.o)
 *(.init_array)
 .init_array    0x00081750        0x4 c:/program files (x86)/atmel/studio/7.0/toolchain/arm/arm-gnu-toolchain/bin/../lib/gcc/arm-none-eabi/6.3.1/thumb/v7-m/crtbegin.o
                0x00081754                __init_array_end = .
                0x00081754                . = ALIGN (0x4)
 *crtbegin.o(.ctors)
 *(EXCLUDE_FILE(*crtend.o) .ctors)
 *(SORT(.ctors.*))
 *crtend.o(.ctors)
                0x00081754                . = ALIGN (0x4)
 *(.fini)
 .fini          0x00081754        0x4 c:/program files (x86)/atmel/studio/7.0/toolchain/arm/arm-gnu-toolchain/bin/../lib/gcc/arm-none-eabi/6.3.1/thumb/v7-m/crti.o
                0x00081754                _fini
 .fini          0x00081758        0x8 c:/program files (x86)/atmel/studio/7.0/toolchain/arm/arm-gnu-toolchain/bin/../lib/gcc/arm-none-eabi/6.3.1/thumb/v7-m/crtn.o
                0x00081760                . = ALIGN (0x4)
                0x00081760                __fini_array_start = .
 *(.fini_array)
 .fini_array    0x00081760        0x4 c:/program files (x86)/atmel/studio/7.0/toolchain/arm/arm-gnu-toolchain/bin/../lib/gcc/arm-none-eabi/6.3.1/thumb/v7-m/crtbegin.o
 *(SORT(.fini_array.*))
                0x00081764                __fini_array_end = .
 *crtbegin.o(.dtors)
 *(EXCLUDE_FILE(*crtend.o) .dtors)
 *(SORT(.dtors.*))
 *crtend.o(.dtors)
                0x00081764                . = ALIGN (0x4)
                0x00081764                _efixed = .
                [!provide]                PROVIDE (__exidx_start, .)

.vfp11_veneer   0x00081764        0x0
 .vfp11_veneer  0x00081764        0x0 linker stubs

.v4_bx          0x00081764        0x0
 .v4_bx         0x00081764        0x0 linker stubs

.iplt           0x00081764        0x0
 .iplt          0x00081764        0x0 c:/program files (x86)/atmel/studio/7.0/toolchain/arm/arm-gnu-toolchain/bin/../lib/gcc/arm-none-eabi/6.3.1/thumb/v7-m/crtbegin.o

.eh_frame       0x00081764        0x0
 .eh_frame      0x00081764        0x0 c:/program files (x86)/atmel/studio/7.0/toolchain/arm/arm-gnu-toolchain/bin/../lib/gcc/arm-none-eabi/6.3.1/thumb/v7-m/crtbegin.o

.rel.dyn        0x00081764        0x0
 .rel.iplt      0x00081764        0x0 c:/program files (x86)/atmel/studio/7.0/toolchain/arm/arm-gnu-toolchain/bin/../lib/gcc/arm-none-eabi/6.3.1/thumb/v7-m/crtbegin.o

.jcr            0x00081764        0x0
 .jcr           0x00081764        0x0 c:/program files (x86)/atmel/studio/7.0/toolchain/arm/arm-gnu-toolchain/bin/../lib/gcc/arm-none-eabi/6.3.1/thumb/v7-m/crtbegin.o

.igot.plt       0x00081764        0x0
 .igot.plt      0x00081764        0x0 c:/program files (x86)/atmel/studio/7.0/toolchain/arm/arm-gnu-toolchain/bin/../lib/gcc/arm-none-eabi/6.3.1/thumb/v7-m/crtbegin.o

.ARM.exidx
 *(.ARM.exidx* .gnu.linkonce.armexidx.*)
                [!provide]                PROVIDE (__exidx_end, .)
                0x00081764                . = ALIGN (0x4)
                0x00081764                _etext = .

.relocate       0x20000000      0x434 load address 0x00081764
                0x20000000                . = ALIGN (0x4)
                0x20000000                _srelocate = .
 *(.ramfunc .ramfunc.*)
 *(.data .data.*)
 .data          0x20000000        0x4 Device_Startup/system_sam3xa.o
                0x20000000                SystemCoreClock
 *fill*         0x20000004        0x4 
 .data.impure_data
                0x20000008      0x428 c:/program files (x86)/atmel/studio/7.0/toolchain/arm/arm-gnu-toolchain/bin/../lib/gcc/arm-none-eabi/6.3.1/../../../../arm-none-eabi/lib/thumb/v7-m\libc.a(lib_a-impure.o)
 .data.__atexit_recursive_mutex
                0x20000430        0x4 c:/program files (x86)/atmel/studio/7.0/toolchain/arm/arm-gnu-toolchain/bin/../lib/gcc/arm-none-eabi/6.3.1/../../../../arm-none-eabi/lib/thumb/v7-m\libc.a(lib_a-__call_atexit.o)
                0x20000430                __atexit_recursive_mutex
                0x20000434                . = ALIGN (0x4)
                0x20000434                _erelocate = .

.bss            0x20000434       0x9c load address 0x00081b98
                0x20000434                . = ALIGN (0x4)
                0x20000434                _sbss = .
                0x20000434                _szero = .
 *(.bss .bss.*)
 .bss           0x20000434       0x1c c:/program files (x86)/atmel/studio/7.0/toolchain/arm/arm-gnu-toolchain/bin/../lib/gcc/arm-none-eabi/6.3.1/thumb/v7-m/crtbegin.o
 .bss           0x20000450        0x2 main.o
 *fill*         0x20000452        0x2 
 .bss           0x20000454        0x4 timer.o
                0x20000454                down_counter
 *(COMMON)
 COMMON         0x20000458       0x10 main.o
                0x20000458                motor_speed_PI
                0x2000045c                msg
 COMMON         0x20000468       0x42 uart.o
                0x20000468                rx_buffer
 *fill*         0x200004aa        0x2 
 COMMON         0x200004ac       0x21 c:/program files (x86)/atmel/studio/7.0/toolchain/arm/arm-gnu-toolchain/bin/../lib/gcc/arm-none-eabi/6.3.1/../../../../arm-none-eabi/lib/thumb/v7-m\libc.a(lib_a-lock.o)
                0x200004ac                __lock___atexit_recursive_mutex
                0x200004b0                __lock___arc4random_mutex
                0x200004b4                __lock___env_recursive_mutex
                0x200004b8                __lock___sinit_recursive_mutex
                0x200004bc                __lock___malloc_recursive_mutex
                0x200004c0                __lock___at_quick_exit_mutex
                0x200004c4                __lock___dd_hash_mutex
                0x200004c8                __lock___tz_mutex
                0x200004cc                __lock___sfp_recursive_mutex
                0x200004d0                . = ALIGN (0x4)
 *fill*         0x200004cd        0x3 
                0x200004d0                _ebss = .
                0x200004d0                _ezero = .

.stack          0x200004d0      0x400 load address 0x00081c34
                0x200004d0                . = ALIGN (0x8)
                0x200004d0                _sstack = .
                0x200008d0                . = (. + STACK_SIZE)
 *fill*         0x200004d0      0x400 
                0x200008d0                . = ALIGN (0x8)
                0x200008d0                _estack = .

.heap           0x200008d0      0x200 load address 0x00082034
                0x200008d0                . = ALIGN (0x8)
                0x200008d0                _sheap = .
                0x20000ad0                . = (. + HEAP_SIZE)
 *fill*         0x200008d0      0x200 
                0x20000ad0                . = ALIGN (0x8)
                0x20000ad0                _eheap = .
                0x20000ad0                . = ALIGN (0x4)
                0x20000ad0                _end = .
                0x20017fff                _ram_end_ = ((ORIGIN (ram) + LENGTH (ram)) - 0x1)
OUTPUT(Node2.elf elf32-littlearm)

.ARM.attributes
                0x00000000       0x29
 .ARM.attributes
                0x00000000       0x1d c:/program files (x86)/atmel/studio/7.0/toolchain/arm/arm-gnu-toolchain/bin/../lib/gcc/arm-none-eabi/6.3.1/thumb/v7-m/crti.o
 .ARM.attributes
                0x0000001d       0x2d c:/program files (x86)/atmel/studio/7.0/toolchain/arm/arm-gnu-toolchain/bin/../lib/gcc/arm-none-eabi/6.3.1/thumb/v7-m/crtbegin.o
 .ARM.attributes
                0x0000004a       0x33 ADC.o
 .ARM.attributes
                0x0000007d       0x33 can_controller.o
 .ARM.attributes
                0x000000b0       0x33 can_interrupt.o
 .ARM.attributes
                0x000000e3       0x33 DAC.o
 .ARM.attributes
                0x00000116       0x33 Device_Startup/startup_sam3xa.o
 .ARM.attributes
                0x00000149       0x33 Device_Startup/system_sam3xa.o
 .ARM.attributes
                0x0000017c       0x33 game.o
 .ARM.attributes
                0x000001af       0x33 main.o
 .ARM.attributes
                0x000001e2       0x33 motor.o
 .ARM.attributes
                0x00000215       0x33 POS_CTRL.o
 .ARM.attributes
                0x00000248       0x33 printf_stdarg.o
 .ARM.attributes
                0x0000027b       0x33 PWM_driver.o
 .ARM.attributes
                0x000002ae       0x33 timer.o
 .ARM.attributes
                0x000002e1       0x33 uart.o
 .ARM.attributes
                0x00000314       0x33 Utilities.o
 .ARM.attributes
                0x00000347       0x1d c:/program files (x86)/atmel/studio/7.0/toolchain/arm/arm-gnu-toolchain/bin/../lib/gcc/arm-none-eabi/6.3.1/thumb/v7-m\libgcc.a(_arm_addsubdf3.o)
 .ARM.attributes
                0x00000364       0x1d c:/program files (x86)/atmel/studio/7.0/toolchain/arm/arm-gnu-toolchain/bin/../lib/gcc/arm-none-eabi/6.3.1/thumb/v7-m\libgcc.a(_arm_muldivdf3.o)
 .ARM.attributes
                0x00000381       0x1d c:/program files (x86)/atmel/studio/7.0/toolchain/arm/arm-gnu-toolchain/bin/../lib/gcc/arm-none-eabi/6.3.1/thumb/v7-m\libgcc.a(_arm_fixunsdfsi.o)
 .ARM.attributes
                0x0000039e       0x2d c:/program files (x86)/atmel/studio/7.0/toolchain/arm/arm-gnu-toolchain/bin/../lib/gcc/arm-none-eabi/6.3.1/../../../../arm-none-eabi/lib/thumb/v7-m\libc.a(lib_a-impure.o)
 .ARM.attributes
                0x000003cb       0x2d c:/program files (x86)/atmel/studio/7.0/toolchain/arm/arm-gnu-toolchain/bin/../lib/gcc/arm-none-eabi/6.3.1/../../../../arm-none-eabi/lib/thumb/v7-m\libc.a(lib_a-init.o)
 .ARM.attributes
                0x000003f8       0x2d c:/program files (x86)/atmel/studio/7.0/toolchain/arm/arm-gnu-toolchain/bin/../lib/gcc/arm-none-eabi/6.3.1/../../../../arm-none-eabi/lib/thumb/v7-m\libc.a(lib_a-__call_atexit.o)
 .ARM.attributes
                0x00000425       0x2d c:/program files (x86)/atmel/studio/7.0/toolchain/arm/arm-gnu-toolchain/bin/../lib/gcc/arm-none-eabi/6.3.1/../../../../arm-none-eabi/lib/thumb/v7-m\libc.a(lib_a-atexit.o)
 .ARM.attributes
                0x00000452       0x2d c:/program files (x86)/atmel/studio/7.0/toolchain/arm/arm-gnu-toolchain/bin/../lib/gcc/arm-none-eabi/6.3.1/../../../../arm-none-eabi/lib/thumb/v7-m\libc.a(lib_a-fini.o)
 .ARM.attributes
                0x0000047f       0x2d c:/program files (x86)/atmel/studio/7.0/toolchain/arm/arm-gnu-toolchain/bin/../lib/gcc/arm-none-eabi/6.3.1/../../../../arm-none-eabi/lib/thumb/v7-m\libc.a(lib_a-lock.o)
 .ARM.attributes
                0x000004ac       0x2d c:/program files (x86)/atmel/studio/7.0/toolchain/arm/arm-gnu-toolchain/bin/../lib/gcc/arm-none-eabi/6.3.1/../../../../arm-none-eabi/lib/thumb/v7-m\libc.a(lib_a-__atexit.o)
 .ARM.attributes
                0x000004d9       0x1d c:/program files (x86)/atmel/studio/7.0/toolchain/arm/arm-gnu-toolchain/bin/../lib/gcc/arm-none-eabi/6.3.1/thumb/v7-m/crtn.o

.comment        0x00000000       0x59
 .comment       0x00000000       0x59 ADC.o
                                 0x5a (size before relaxing)
 .comment       0x00000059       0x5a can_controller.o
 .comment       0x00000059       0x5a can_interrupt.o
 .comment       0x00000059       0x5a DAC.o
 .comment       0x00000059       0x5a Device_Startup/startup_sam3xa.o
 .comment       0x00000059       0x5a Device_Startup/system_sam3xa.o
 .comment       0x00000059       0x5a game.o
 .comment       0x00000059       0x5a main.o
 .comment       0x00000059       0x5a motor.o
 .comment       0x00000059       0x5a POS_CTRL.o
 .comment       0x00000059       0x5a printf_stdarg.o
 .comment       0x00000059       0x5a PWM_driver.o
 .comment       0x00000059       0x5a timer.o
 .comment       0x00000059       0x5a uart.o
 .comment       0x00000059       0x5a Utilities.o

.debug_info     0x00000000     0xaaca
 .debug_info    0x00000000      0x5dc ADC.o
 .debug_info    0x000005dc      0xd68 can_controller.o
 .debug_info    0x00001344      0xf81 can_interrupt.o
 .debug_info    0x000022c5     0x1254 DAC.o
 .debug_info    0x00003519      0x74e Device_Startup/startup_sam3xa.o
 .debug_info    0x00003c67      0x444 Device_Startup/system_sam3xa.o
 .debug_info    0x000040ab      0x125 game.o
 .debug_info    0x000041d0     0x127a main.o
 .debug_info    0x0000544a     0x110a motor.o
 .debug_info    0x00006554     0x12e1 POS_CTRL.o
 .debug_info    0x00007835      0x60b printf_stdarg.o
 .debug_info    0x00007e40     0x14da PWM_driver.o
 .debug_info    0x0000931a      0x6a5 timer.o
 .debug_info    0x000099bf      0xc4b uart.o
 .debug_info    0x0000a60a      0x4c0 Utilities.o

.debug_abbrev   0x00000000     0x1a5a
 .debug_abbrev  0x00000000       0xd9 ADC.o
 .debug_abbrev  0x000000d9      0x212 can_controller.o
 .debug_abbrev  0x000002eb      0x2bb can_interrupt.o
 .debug_abbrev  0x000005a6      0x1e7 DAC.o
 .debug_abbrev  0x0000078d      0x153 Device_Startup/startup_sam3xa.o
 .debug_abbrev  0x000008e0      0x102 Device_Startup/system_sam3xa.o
 .debug_abbrev  0x000009e2       0xb4 game.o
 .debug_abbrev  0x00000a96      0x28e main.o
 .debug_abbrev  0x00000d24      0x23f motor.o
 .debug_abbrev  0x00000f63      0x25d POS_CTRL.o
 .debug_abbrev  0x000011c0      0x194 printf_stdarg.o
 .debug_abbrev  0x00001354      0x23f PWM_driver.o
 .debug_abbrev  0x00001593      0x1a4 timer.o
 .debug_abbrev  0x00001737      0x23b uart.o
 .debug_abbrev  0x00001972       0xe8 Utilities.o

.debug_aranges  0x00000000      0x2b0
 .debug_aranges
                0x00000000       0x28 ADC.o
 .debug_aranges
                0x00000028       0x38 can_controller.o
 .debug_aranges
                0x00000060       0x20 can_interrupt.o
 .debug_aranges
                0x00000080       0x30 DAC.o
 .debug_aranges
                0x000000b0       0x28 Device_Startup/startup_sam3xa.o
 .debug_aranges
                0x000000d8       0x30 Device_Startup/system_sam3xa.o
 .debug_aranges
                0x00000108       0x20 game.o
 .debug_aranges
                0x00000128       0x28 main.o
 .debug_aranges
                0x00000150       0x28 motor.o
 .debug_aranges
                0x00000178       0x20 POS_CTRL.o
 .debug_aranges
                0x00000198       0x50 printf_stdarg.o
 .debug_aranges
                0x000001e8       0x30 PWM_driver.o
 .debug_aranges
                0x00000218       0x38 timer.o
 .debug_aranges
                0x00000250       0x38 uart.o
 .debug_aranges
                0x00000288       0x28 Utilities.o

.debug_ranges   0x00000000      0x1f0
 .debug_ranges  0x00000000       0x18 ADC.o
 .debug_ranges  0x00000018       0x28 can_controller.o
 .debug_ranges  0x00000040       0x28 can_interrupt.o
 .debug_ranges  0x00000068       0x20 DAC.o
 .debug_ranges  0x00000088       0x18 Device_Startup/startup_sam3xa.o
 .debug_ranges  0x000000a0       0x20 Device_Startup/system_sam3xa.o
 .debug_ranges  0x000000c0       0x10 game.o
 .debug_ranges  0x000000d0       0x18 main.o
 .debug_ranges  0x000000e8       0x18 motor.o
 .debug_ranges  0x00000100       0x10 POS_CTRL.o
 .debug_ranges  0x00000110       0x58 printf_stdarg.o
 .debug_ranges  0x00000168       0x20 PWM_driver.o
 .debug_ranges  0x00000188       0x28 timer.o
 .debug_ranges  0x000001b0       0x28 uart.o
 .debug_ranges  0x000001d8       0x18 Utilities.o

.debug_macro    0x00000000    0x14588
 .debug_macro   0x00000000      0x381 ADC.o
 .debug_macro   0x00000381      0x8b0 ADC.o
 .debug_macro   0x00000c31       0x22 ADC.o
 .debug_macro   0x00000c53       0x87 ADC.o
 .debug_macro   0x00000cda       0x51 ADC.o
 .debug_macro   0x00000d2b       0xef ADC.o
 .debug_macro   0x00000e1a       0x6a ADC.o
 .debug_macro   0x00000e84      0x1df ADC.o
 .debug_macro   0x00001063       0x20 ADC.o
 .debug_macro   0x00001083       0x1c ADC.o
 .debug_macro   0x0000109f       0x22 ADC.o
 .debug_macro   0x000010c1       0xc3 ADC.o
 .debug_macro   0x00001184      0xe49 ADC.o
 .debug_macro   0x00001fcd      0x11f ADC.o
 .debug_macro   0x000020ec      0xa7d ADC.o
 .debug_macro   0x00002b69      0x55a ADC.o
 .debug_macro   0x000030c3      0x1a8 ADC.o
 .debug_macro   0x0000326b      0x30b ADC.o
 .debug_macro   0x00003576      0x709 ADC.o
 .debug_macro   0x00003c7f       0xd6 ADC.o
 .debug_macro   0x00003d55      0x56c ADC.o
 .debug_macro   0x000042c1       0x1c ADC.o
 .debug_macro   0x000042dd      0x678 ADC.o
 .debug_macro   0x00004955      0x51e ADC.o
 .debug_macro   0x00004e73       0xbe ADC.o
 .debug_macro   0x00004f31     0x2333 ADC.o
 .debug_macro   0x00007264      0x7d1 ADC.o
 .debug_macro   0x00007a35      0xdbb ADC.o
 .debug_macro   0x000087f0       0x9a ADC.o
 .debug_macro   0x0000888a      0x29c ADC.o
 .debug_macro   0x00008b26       0x58 ADC.o
 .debug_macro   0x00008b7e      0x999 ADC.o
 .debug_macro   0x00009517      0x22d ADC.o
 .debug_macro   0x00009744      0x4b4 ADC.o
 .debug_macro   0x00009bf8      0x64a ADC.o
 .debug_macro   0x0000a242      0x590 ADC.o
 .debug_macro   0x0000a7d2       0x46 ADC.o
 .debug_macro   0x0000a818      0x33f ADC.o
 .debug_macro   0x0000ab57      0x27e ADC.o
 .debug_macro   0x0000add5     0x14dc ADC.o
 .debug_macro   0x0000c2b1      0x7cf ADC.o
 .debug_macro   0x0000ca80       0x76 ADC.o
 .debug_macro   0x0000caf6       0x82 ADC.o
 .debug_macro   0x0000cb78       0x76 ADC.o
 .debug_macro   0x0000cbee       0x4c ADC.o
 .debug_macro   0x0000cc3a      0x100 ADC.o
 .debug_macro   0x0000cd3a      0x100 ADC.o
 .debug_macro   0x0000ce3a      0x100 ADC.o
 .debug_macro   0x0000cf3a       0x88 ADC.o
 .debug_macro   0x0000cfc2       0x88 ADC.o
 .debug_macro   0x0000d04a      0x3b4 ADC.o
 .debug_macro   0x0000d3fe       0xbe ADC.o
 .debug_macro   0x0000d4bc       0xbe ADC.o
 .debug_macro   0x0000d57a       0xbe ADC.o
 .debug_macro   0x0000d638       0xbe ADC.o
 .debug_macro   0x0000d6f6      0x2b8 ADC.o
 .debug_macro   0x0000d9ae      0x118 ADC.o
 .debug_macro   0x0000dac6      0x216 ADC.o
 .debug_macro   0x0000dcdc      0x216 ADC.o
 .debug_macro   0x0000def2       0x2e ADC.o
 .debug_macro   0x0000df20       0xac ADC.o
 .debug_macro   0x0000dfcc      0x13e ADC.o
 .debug_macro   0x0000e10a       0x7c ADC.o
 .debug_macro   0x0000e186      0x1f6 ADC.o
 .debug_macro   0x0000e37c       0x64 ADC.o
 .debug_macro   0x0000e3e0       0xa6 ADC.o
 .debug_macro   0x0000e486       0x7c ADC.o
 .debug_macro   0x0000e502       0x16 ADC.o
 .debug_macro   0x0000e518       0x22 ADC.o
 .debug_macro   0x0000e53a       0x22 ADC.o
 .debug_macro   0x0000e55c      0x10c ADC.o
 .debug_macro   0x0000e668      0x10c ADC.o
 .debug_macro   0x0000e774      0x10c ADC.o
 .debug_macro   0x0000e880      0x10c ADC.o
 .debug_macro   0x0000e98c       0x1c ADC.o
 .debug_macro   0x0000e9a8       0x2e ADC.o
 .debug_macro   0x0000e9d6       0x22 ADC.o
 .debug_macro   0x0000e9f8       0x1c ADC.o
 .debug_macro   0x0000ea14       0x58 ADC.o
 .debug_macro   0x0000ea6c       0x10 ADC.o
 .debug_macro   0x0000ea7c      0x27a ADC.o
 .debug_macro   0x0000ecf6      0xd34 ADC.o
 .debug_macro   0x0000fa2a      0x170 ADC.o
 .debug_macro   0x0000fb9a      0x385 can_controller.o
 .debug_macro   0x0000ff1f       0x26 can_controller.o
 .debug_macro   0x0000ff45      0x4dc can_interrupt.o
 .debug_macro   0x00010421       0x52 can_interrupt.o
 .debug_macro   0x00010473       0x8d can_interrupt.o
 .debug_macro   0x00010500       0x35 can_interrupt.o
 .debug_macro   0x00010535       0x9c can_interrupt.o
 .debug_macro   0x000105d1       0x16 can_interrupt.o
 .debug_macro   0x000105e7       0x57 can_interrupt.o
 .debug_macro   0x0001063e       0x97 can_interrupt.o
 .debug_macro   0x000106d5      0x353 can_interrupt.o
 .debug_macro   0x00010a28       0xf6 can_interrupt.o
 .debug_macro   0x00010b1e       0x10 can_interrupt.o
 .debug_macro   0x00010b2e       0x58 can_interrupt.o
 .debug_macro   0x00010b86       0x1f can_interrupt.o
 .debug_macro   0x00010ba5       0x43 can_interrupt.o
 .debug_macro   0x00010be8       0x20 can_interrupt.o
 .debug_macro   0x00010c08      0x187 can_interrupt.o
 .debug_macro   0x00010d8f       0x10 can_interrupt.o
 .debug_macro   0x00010d9f       0x1c can_interrupt.o
 .debug_macro   0x00010dbb       0x52 can_interrupt.o
 .debug_macro   0x00010e0d       0x40 can_interrupt.o
 .debug_macro   0x00010e4d       0x10 can_interrupt.o
 .debug_macro   0x00010e5d       0x40 can_interrupt.o
 .debug_macro   0x00010e9d       0xd7 can_interrupt.o
 .debug_macro   0x00010f74       0x16 can_interrupt.o
 .debug_macro   0x00010f8a      0x18b can_interrupt.o
 .debug_macro   0x00011115       0xbd can_interrupt.o
 .debug_macro   0x000111d2       0x10 can_interrupt.o
 .debug_macro   0x000111e2      0x4c9 DAC.o
 .debug_macro   0x000116ab       0x58 DAC.o
 .debug_macro   0x00011703      0x34d DAC.o
 .debug_macro   0x00011a50      0x371 Device_Startup/startup_sam3xa.o
 .debug_macro   0x00011dc1      0x383 Device_Startup/system_sam3xa.o
 .debug_macro   0x00012144      0x38a game.o
 .debug_macro   0x000124ce       0x10 game.o
 .debug_macro   0x000124de      0x55d main.o
 .debug_macro   0x00012a3b       0x10 main.o
 .debug_macro   0x00012a4b       0x1c main.o
 .debug_macro   0x00012a67       0x52 main.o
 .debug_macro   0x00012ab9       0x34 main.o
 .debug_macro   0x00012aed       0x16 main.o
 .debug_macro   0x00012b03       0x35 main.o
 .debug_macro   0x00012b38       0x16 main.o
 .debug_macro   0x00012b4e       0x29 main.o
 .debug_macro   0x00012b77      0x4d2 motor.o
 .debug_macro   0x00013049      0x4f0 POS_CTRL.o
 .debug_macro   0x00013539       0x2e POS_CTRL.o
 .debug_macro   0x00013567       0x8e printf_stdarg.o
 .debug_macro   0x000135f5       0x58 printf_stdarg.o
 .debug_macro   0x0001364d      0x4ce PWM_driver.o
 .debug_macro   0x00013b1b      0x375 timer.o
 .debug_macro   0x00013e90      0x374 uart.o
 .debug_macro   0x00014204      0x384 Utilities.o

.debug_line     0x00000000     0x7114
 .debug_line    0x00000000      0x70a ADC.o
 .debug_line    0x0000070a      0x7de can_controller.o
 .debug_line    0x00000ee8      0x87f can_interrupt.o
 .debug_line    0x00001767      0x847 DAC.o
 .debug_line    0x00001fae      0x728 Device_Startup/startup_sam3xa.o
 .debug_line    0x000026d6      0x785 Device_Startup/system_sam3xa.o
 .debug_line    0x00002e5b      0x706 game.o
 .debug_line    0x00003561      0x90e main.o
 .debug_line    0x00003e6f      0x851 motor.o
 .debug_line    0x000046c0      0x868 POS_CTRL.o
 .debug_line    0x00004f28      0x3cb printf_stdarg.o
 .debug_line    0x000052f3      0x84f PWM_driver.o
 .debug_line    0x00005b42      0x740 timer.o
 .debug_line    0x00006282      0x767 uart.o
 .debug_line    0x000069e9      0x72b Utilities.o

.debug_str      0x00000000    0x558e0
 .debug_str     0x00000000    0x50030 ADC.o
                              0x501d7 (size before relaxing)
 .debug_str     0x00050030      0x609 can_controller.o
                              0x506f6 (size before relaxing)
 .debug_str     0x00050639     0x40aa can_interrupt.o
                              0x5450c (size before relaxing)
 .debug_str     0x000546e3      0x135 DAC.o
                              0x544c9 (size before relaxing)
 .debug_str     0x00054818      0x545 Device_Startup/startup_sam3xa.o
                              0x504b4 (size before relaxing)
 .debug_str     0x00054d5d      0x195 Device_Startup/system_sam3xa.o
                              0x50247 (size before relaxing)
 .debug_str     0x00054ef2       0x4f game.o
                              0x4ffe7 (size before relaxing)
 .debug_str     0x00054f41      0x43f main.o
                              0x547f5 (size before relaxing)
 .debug_str     0x00055380       0x44 motor.o
                              0x544db (size before relaxing)
 .debug_str     0x000553c4       0x19 POS_CTRL.o
                              0x5471f (size before relaxing)
 .debug_str     0x000553dd      0x17a printf_stdarg.o
                               0x3636 (size before relaxing)
 .debug_str     0x00055557      0x22a PWM_driver.o
                              0x5460f (size before relaxing)
 .debug_str     0x00055781       0x44 timer.o
                              0x50318 (size before relaxing)
 .debug_str     0x000557c5      0x103 uart.o
                              0x5068d (size before relaxing)
 .debug_str     0x000558c8       0x18 Utilities.o
                              0x50200 (size before relaxing)

.debug_frame    0x00000000      0x7c4
 .debug_frame   0x00000000       0x30 ADC.o
 .debug_frame   0x00000030       0x80 can_controller.o
 .debug_frame   0x000000b0       0x30 can_interrupt.o
 .debug_frame   0x000000e0       0x40 DAC.o
 .debug_frame   0x00000120       0x38 Device_Startup/startup_sam3xa.o
 .debug_frame   0x00000158       0x40 Device_Startup/system_sam3xa.o
 .debug_frame   0x00000198       0x2c game.o
 .debug_frame   0x000001c4       0x4c main.o
 .debug_frame   0x00000210       0x50 motor.o
 .debug_frame   0x00000260       0x28 POS_CTRL.o
 .debug_frame   0x00000288      0x124 printf_stdarg.o
 .debug_frame   0x000003ac       0x50 PWM_driver.o
 .debug_frame   0x000003fc       0x60 timer.o
 .debug_frame   0x0000045c       0x58 uart.o
 .debug_frame   0x000004b4       0x30 Utilities.o
 .debug_frame   0x000004e4       0xac c:/program files (x86)/atmel/studio/7.0/toolchain/arm/arm-gnu-toolchain/bin/../lib/gcc/arm-none-eabi/6.3.1/thumb/v7-m\libgcc.a(_arm_addsubdf3.o)
 .debug_frame   0x00000590       0x50 c:/program files (x86)/atmel/studio/7.0/toolchain/arm/arm-gnu-toolchain/bin/../lib/gcc/arm-none-eabi/6.3.1/thumb/v7-m\libgcc.a(_arm_muldivdf3.o)
 .debug_frame   0x000005e0       0x24 c:/program files (x86)/atmel/studio/7.0/toolchain/arm/arm-gnu-toolchain/bin/../lib/gcc/arm-none-eabi/6.3.1/thumb/v7-m\libgcc.a(_arm_fixunsdfsi.o)
 .debug_frame   0x00000604       0x2c c:/program files (x86)/atmel/studio/7.0/toolchain/arm/arm-gnu-toolchain/bin/../lib/gcc/arm-none-eabi/6.3.1/../../../../arm-none-eabi/lib/thumb/v7-m\libc.a(lib_a-init.o)
 .debug_frame   0x00000630       0x5c c:/program files (x86)/atmel/studio/7.0/toolchain/arm/arm-gnu-toolchain/bin/../lib/gcc/arm-none-eabi/6.3.1/../../../../arm-none-eabi/lib/thumb/v7-m\libc.a(lib_a-__call_atexit.o)
 .debug_frame   0x0000068c       0x20 c:/program files (x86)/atmel/studio/7.0/toolchain/arm/arm-gnu-toolchain/bin/../lib/gcc/arm-none-eabi/6.3.1/../../../../arm-none-eabi/lib/thumb/v7-m\libc.a(lib_a-atexit.o)
 .debug_frame   0x000006ac       0x34 c:/program files (x86)/atmel/studio/7.0/toolchain/arm/arm-gnu-toolchain/bin/../lib/gcc/arm-none-eabi/6.3.1/../../../../arm-none-eabi/lib/thumb/v7-m\libc.a(lib_a-fini.o)
 .debug_frame   0x000006e0       0xb0 c:/program files (x86)/atmel/studio/7.0/toolchain/arm/arm-gnu-toolchain/bin/../lib/gcc/arm-none-eabi/6.3.1/../../../../arm-none-eabi/lib/thumb/v7-m\libc.a(lib_a-lock.o)
 .debug_frame   0x00000790       0x34 c:/program files (x86)/atmel/studio/7.0/toolchain/arm/arm-gnu-toolchain/bin/../lib/gcc/arm-none-eabi/6.3.1/../../../../arm-none-eabi/lib/thumb/v7-m\libc.a(lib_a-__atexit.o)

.debug_loc      0x00000000     0x10f6
 .debug_loc     0x00000000      0x2b5 can_controller.o
 .debug_loc     0x000002b5       0x7f can_interrupt.o
 .debug_loc     0x00000334       0x78 Device_Startup/startup_sam3xa.o
 .debug_loc     0x000003ac       0x8b game.o
 .debug_loc     0x00000437       0xe9 main.o
 .debug_loc     0x00000520       0x66 motor.o
 .debug_loc     0x00000586       0x5c POS_CTRL.o
 .debug_loc     0x000005e2      0x8d2 printf_stdarg.o
 .debug_loc     0x00000eb4       0xa8 PWM_driver.o
 .debug_loc     0x00000f5c       0xcc timer.o
 .debug_loc     0x00001028       0xce uart.o
